


Microsoft Windows [Version 10.0.19044.2130]
(c) Microsoft Corporation. All rights reserved.

C:\Users\IET>mysql --host=localhost --port=3306 --user=saleel --password
Enter password: ****
Welcome to the MySQL monitor.  Commands end with ; or \g.
Your MySQL connection id is 8
Server version: 8.0.30 MySQL Community Server - GPL

Copyright (c) 2000, 2022, Oracle and/or its affiliates.

Oracle is a registered trademark of Oracle Corporation and/or its
affiliates. Other names may be trademarks of their respective
owners.

Type 'help;' or '\h' for help. Type '\c' to clear the current input statement.

mysql> use db1;
Database changed
mysql> show tables;
+---------------------+
| Tables_in_db1       |
+---------------------+
| a                   |
| agent               |
| andor               |
| b                   |
| blanktablea         |
| blanktableb         |
| blog                |
| bonus               |
| books               |
| candidate           |
| client              |
| coalesce            |
| comments            |
| company             |
| customer            |
| customers           |
| demodept1           |
| demodept2           |
| dept                |
| dept1               |
| docs                |
| dummy               |
| duplicate           |
| emp                 |
| emp1                |
| emp2                |
| emp_attendance      |
| emp_cards           |
| emp_phone           |
| empj                |
| envelope            |
| food                |
| hobby               |
| item                |
| key_parts           |
| licence             |
| location            |
| mass_table          |
| menucard            |
| nearest             |
| new                 |
| newbooks            |
| nullif              |
| numberstring        |
| ord                 |
| orders              |
| plumber             |
| plumber_service_map |
| points              |
| price               |
| product             |
| products            |
| quarter_revenue     |
| r                   |
| r1                  |
| r2                  |
| races               |
| regexpr             |
| replacedept         |
| revenue             |
| runners             |
| sales               |
| sales_channel       |
| salespeople         |
| salesperson         |
| salgrade            |
| service             |
| seta                |
| setb                |
| softdrink           |
| sort                |
| stadium             |
| states              |
| station             |
| status              |
| stringnumber        |
| t1                  |
| t2                  |
| tablea              |
| tableaa             |
| tableb              |
| tablebb             |
| tasks               |
| temp1               |
| transactions        |
| v1                  |
| v2                  |
| vote_response       |
| votes               |
| warehouse           |
| z                   |
+---------------------+
91 rows in set (0.13 sec)

mysql> create database r1;
Query OK, 1 row affected (0.06 sec)

mysql> exit
Bye

C:\Users\IET>mysqldump --host=localhost --port=3306 --user=root --password db1 >> C:\dataFile\bk.sql
Enter password: ****

C:\Users\IET>mysql --host=localhost --port=3306 --user=saleel --password
Enter password: ****
Welcome to the MySQL monitor.  Commands end with ; or \g.
Your MySQL connection id is 10
Server version: 8.0.30 MySQL Community Server - GPL

Copyright (c) 2000, 2022, Oracle and/or its affiliates.

Oracle is a registered trademark of Oracle Corporation and/or its
affiliates. Other names may be trademarks of their respective
owners.

Type 'help;' or '\h' for help. Type '\c' to clear the current input statement.

mysql> use r1;
Database changed
mysql> source C:\dataFile\bk.sql
Query OK, 0 rows affected (0.03 sec)

Query OK, 0 rows affected (0.00 sec)

Query OK, 0 rows affected (0.00 sec)

Query OK, 0 rows affected (0.01 sec)

Query OK, 0 rows affected (0.00 sec)

Query OK, 0 rows affected (0.00 sec)

Query OK, 0 rows affected (0.00 sec)

Query OK, 0 rows affected (0.00 sec)

Query OK, 0 rows affected (0.00 sec)

Query OK, 0 rows affected (0.00 sec)

Query OK, 0 rows affected (0.10 sec)

Query OK, 0 rows affected (0.00 sec)

Query OK, 0 rows affected (0.00 sec)

Query OK, 0 rows affected (0.45 sec)

Query OK, 0 rows affected (0.00 sec)

Query OK, 0 rows affected (0.03 sec)

Query OK, 0 rows affected (0.24 sec)

Query OK, 4 rows affected (0.20 sec)
Records: 4  Duplicates: 0  Warnings: 0

Query OK, 0 rows affected (0.15 sec)

Query OK, 0 rows affected (0.00 sec)

Query OK, 0 rows affected (0.06 sec)

Query OK, 0 rows affected (0.00 sec)

Query OK, 0 rows affected (0.00 sec)

Query OK, 0 rows affected (0.20 sec)

Query OK, 0 rows affected (0.00 sec)

Query OK, 0 rows affected (0.00 sec)

Query OK, 0 rows affected (0.05 sec)

Query OK, 6 rows affected (0.01 sec)
Records: 6  Duplicates: 0  Warnings: 0

Query OK, 0 rows affected (0.04 sec)

Query OK, 0 rows affected (0.00 sec)

Query OK, 0 rows affected (0.04 sec)

Query OK, 0 rows affected (0.00 sec)

Query OK, 0 rows affected (0.00 sec)

Query OK, 0 rows affected (0.23 sec)

Query OK, 0 rows affected (0.00 sec)

Query OK, 0 rows affected (0.00 sec)

Query OK, 0 rows affected (0.02 sec)

Query OK, 4 rows affected (0.00 sec)
Records: 4  Duplicates: 0  Warnings: 0

Query OK, 0 rows affected (0.07 sec)

Query OK, 0 rows affected (0.00 sec)

Query OK, 0 rows affected (0.02 sec)

Query OK, 0 rows affected (0.00 sec)

Query OK, 0 rows affected (0.00 sec)

Query OK, 0 rows affected (0.17 sec)

Query OK, 0 rows affected (0.00 sec)

Query OK, 0 rows affected (0.00 sec)

Query OK, 0 rows affected (0.02 sec)

Query OK, 10 rows affected (0.00 sec)
Records: 10  Duplicates: 0  Warnings: 0

Query OK, 0 rows affected (0.03 sec)

Query OK, 0 rows affected (0.00 sec)

Query OK, 0 rows affected (0.04 sec)

Query OK, 0 rows affected (0.00 sec)

Query OK, 0 rows affected (0.00 sec)

Query OK, 0 rows affected (0.14 sec)

Query OK, 0 rows affected (0.00 sec)

Query OK, 0 rows affected (0.00 sec)

Query OK, 0 rows affected (0.02 sec)

Query OK, 11 rows affected (0.00 sec)
Records: 11  Duplicates: 0  Warnings: 0

Query OK, 0 rows affected (0.08 sec)

Query OK, 0 rows affected (0.00 sec)

Query OK, 0 rows affected (0.07 sec)

Query OK, 0 rows affected (0.00 sec)

Query OK, 0 rows affected (0.00 sec)

Query OK, 0 rows affected, 2 warnings (0.14 sec)

Query OK, 0 rows affected (0.00 sec)

Query OK, 0 rows affected (0.00 sec)

Query OK, 0 rows affected (0.05 sec)

Query OK, 11 rows affected (0.00 sec)
Records: 11  Duplicates: 0  Warnings: 0

Query OK, 0 rows affected (0.06 sec)

Query OK, 0 rows affected (0.00 sec)

Query OK, 0 rows affected (0.03 sec)

Query OK, 0 rows affected (0.00 sec)

Query OK, 0 rows affected (0.00 sec)

Query OK, 0 rows affected (0.16 sec)

Query OK, 0 rows affected (0.00 sec)

Query OK, 0 rows affected (0.00 sec)

Query OK, 0 rows affected (0.02 sec)

Query OK, 10 rows affected (0.00 sec)
Records: 10  Duplicates: 0  Warnings: 0

Query OK, 0 rows affected (0.03 sec)

Query OK, 0 rows affected (0.00 sec)

Query OK, 0 rows affected (0.02 sec)

Query OK, 0 rows affected (0.00 sec)

Query OK, 0 rows affected (0.00 sec)

Query OK, 0 rows affected (0.14 sec)

Query OK, 0 rows affected (0.00 sec)

Query OK, 0 rows affected (0.00 sec)

Query OK, 0 rows affected (0.04 sec)

Query OK, 10 rows affected (0.00 sec)
Records: 10  Duplicates: 0  Warnings: 0

Query OK, 0 rows affected (0.04 sec)

Query OK, 0 rows affected (0.00 sec)

Query OK, 0 rows affected (0.05 sec)

Query OK, 0 rows affected (0.00 sec)

Query OK, 0 rows affected (0.00 sec)

Query OK, 0 rows affected (0.11 sec)

Query OK, 0 rows affected (0.00 sec)

Query OK, 0 rows affected (0.00 sec)

Query OK, 0 rows affected (0.03 sec)

Query OK, 11 rows affected (0.00 sec)
Records: 11  Duplicates: 0  Warnings: 0

Query OK, 0 rows affected (0.05 sec)

Query OK, 0 rows affected (0.00 sec)

Query OK, 0 rows affected (0.01 sec)

Query OK, 0 rows affected (0.00 sec)

Query OK, 0 rows affected (0.00 sec)

Query OK, 0 rows affected (0.17 sec)

Query OK, 0 rows affected (0.00 sec)

Query OK, 0 rows affected (0.00 sec)

Query OK, 0 rows affected (0.03 sec)

Query OK, 4 rows affected (0.00 sec)
Records: 4  Duplicates: 0  Warnings: 0

Query OK, 0 rows affected (0.05 sec)

Query OK, 0 rows affected (0.00 sec)

Query OK, 0 rows affected (0.01 sec)

Query OK, 0 rows affected (0.00 sec)

Query OK, 0 rows affected (0.00 sec)

Query OK, 0 rows affected (0.10 sec)

Query OK, 0 rows affected (0.00 sec)

Query OK, 0 rows affected (0.00 sec)

Query OK, 0 rows affected (0.03 sec)

Query OK, 17 rows affected (0.00 sec)
Records: 17  Duplicates: 0  Warnings: 0

Query OK, 0 rows affected (0.11 sec)

Query OK, 0 rows affected (0.00 sec)

Query OK, 0 rows affected (0.05 sec)

Query OK, 0 rows affected (0.00 sec)

Query OK, 0 rows affected (0.00 sec)

Query OK, 0 rows affected (0.14 sec)

Query OK, 0 rows affected (0.00 sec)

Query OK, 0 rows affected (0.00 sec)

Query OK, 0 rows affected (0.02 sec)

Query OK, 19 rows affected (0.00 sec)
Records: 19  Duplicates: 0  Warnings: 0

Query OK, 0 rows affected (0.04 sec)

Query OK, 0 rows affected (0.00 sec)

Query OK, 0 rows affected (0.05 sec)

Query OK, 0 rows affected (0.00 sec)

Query OK, 0 rows affected (0.00 sec)

Query OK, 0 rows affected (0.25 sec)

Query OK, 0 rows affected (0.00 sec)

Query OK, 0 rows affected (0.06 sec)

Query OK, 0 rows affected (0.02 sec)

Query OK, 27 rows affected (0.00 sec)
Records: 27  Duplicates: 0  Warnings: 0

Query OK, 0 rows affected (0.04 sec)

Query OK, 0 rows affected (0.00 sec)

Query OK, 0 rows affected (0.07 sec)

Query OK, 0 rows affected (0.00 sec)

Query OK, 0 rows affected (0.00 sec)

Query OK, 0 rows affected (0.15 sec)

Query OK, 0 rows affected (0.00 sec)

Query OK, 0 rows affected (0.00 sec)

Query OK, 0 rows affected (0.03 sec)

Query OK, 5 rows affected (0.00 sec)
Records: 5  Duplicates: 0  Warnings: 0

Query OK, 0 rows affected (0.10 sec)

Query OK, 0 rows affected (0.00 sec)

Query OK, 0 rows affected (0.05 sec)

Query OK, 0 rows affected (0.00 sec)

Query OK, 0 rows affected (0.00 sec)

Query OK, 0 rows affected, 1 warning (0.14 sec)

Query OK, 0 rows affected (0.00 sec)

Query OK, 0 rows affected (0.00 sec)

Query OK, 0 rows affected (0.03 sec)

Query OK, 9 rows affected (0.00 sec)
Records: 9  Duplicates: 0  Warnings: 0

Query OK, 0 rows affected (0.07 sec)

Query OK, 0 rows affected (0.00 sec)

Query OK, 0 rows affected (0.02 sec)

Query OK, 0 rows affected (0.00 sec)

Query OK, 0 rows affected (0.00 sec)

Query OK, 0 rows affected (0.23 sec)

Query OK, 0 rows affected (0.00 sec)

Query OK, 0 rows affected (0.00 sec)

Query OK, 0 rows affected (0.04 sec)

Query OK, 9 rows affected (0.00 sec)
Records: 9  Duplicates: 0  Warnings: 0

Query OK, 0 rows affected (0.07 sec)

Query OK, 0 rows affected (0.00 sec)

Query OK, 0 rows affected (0.06 sec)

Query OK, 0 rows affected (0.00 sec)

Query OK, 0 rows affected (0.00 sec)

Query OK, 0 rows affected (0.15 sec)

Query OK, 0 rows affected (0.00 sec)

Query OK, 0 rows affected (0.00 sec)

Query OK, 0 rows affected (0.06 sec)

Query OK, 11 rows affected (0.00 sec)
Records: 11  Duplicates: 0  Warnings: 0

Query OK, 0 rows affected (0.11 sec)

Query OK, 0 rows affected (0.00 sec)

Query OK, 0 rows affected (0.03 sec)

Query OK, 0 rows affected (0.00 sec)

Query OK, 0 rows affected (0.00 sec)

Query OK, 0 rows affected (0.20 sec)

Query OK, 0 rows affected (0.00 sec)

Query OK, 0 rows affected (0.00 sec)

Query OK, 0 rows affected (0.04 sec)

Query OK, 11 rows affected (0.00 sec)
Records: 11  Duplicates: 0  Warnings: 0

Query OK, 0 rows affected (0.10 sec)

Query OK, 0 rows affected (0.00 sec)

Query OK, 0 rows affected (0.04 sec)

Query OK, 0 rows affected (0.00 sec)

Query OK, 0 rows affected (0.00 sec)

Query OK, 0 rows affected (0.16 sec)

Query OK, 0 rows affected (0.00 sec)

Query OK, 0 rows affected (0.00 sec)

Query OK, 0 rows affected (0.04 sec)

Query OK, 5 rows affected (0.00 sec)
Records: 5  Duplicates: 0  Warnings: 0

Query OK, 0 rows affected (0.09 sec)

Query OK, 0 rows affected (0.00 sec)

Query OK, 0 rows affected (0.02 sec)

Query OK, 0 rows affected (0.00 sec)

Query OK, 0 rows affected (0.00 sec)

Query OK, 0 rows affected (0.14 sec)

Query OK, 0 rows affected (0.00 sec)

Query OK, 0 rows affected (0.00 sec)

Query OK, 0 rows affected (0.02 sec)

Query OK, 21 rows affected (0.00 sec)
Records: 21  Duplicates: 0  Warnings: 0

Query OK, 0 rows affected (0.08 sec)

Query OK, 0 rows affected (0.00 sec)

Query OK, 0 rows affected (0.06 sec)

Query OK, 0 rows affected (0.00 sec)

Query OK, 0 rows affected (0.00 sec)

Query OK, 0 rows affected (0.12 sec)

Query OK, 0 rows affected (0.00 sec)

Query OK, 0 rows affected (0.00 sec)

Query OK, 0 rows affected (0.04 sec)

Query OK, 3 rows affected (0.00 sec)
Records: 3  Duplicates: 0  Warnings: 0

Query OK, 0 rows affected (0.10 sec)

Query OK, 0 rows affected (0.00 sec)

Query OK, 0 rows affected (0.03 sec)

Query OK, 0 rows affected (0.00 sec)

Query OK, 0 rows affected (0.00 sec)

Query OK, 0 rows affected (0.15 sec)

Query OK, 0 rows affected (0.00 sec)

Query OK, 0 rows affected (0.00 sec)

Query OK, 0 rows affected (0.04 sec)

Query OK, 1 row affected (0.00 sec)

Query OK, 0 rows affected (0.04 sec)

Query OK, 0 rows affected (0.00 sec)

Query OK, 0 rows affected (0.02 sec)

Query OK, 0 rows affected (0.00 sec)

Query OK, 0 rows affected (0.00 sec)

Query OK, 0 rows affected (0.16 sec)

Query OK, 0 rows affected (0.00 sec)

Query OK, 0 rows affected (0.00 sec)

Query OK, 0 rows affected (0.02 sec)

Query OK, 32 rows affected (0.00 sec)
Records: 32  Duplicates: 0  Warnings: 0

Query OK, 0 rows affected (0.04 sec)

Query OK, 0 rows affected (0.00 sec)

Query OK, 0 rows affected (0.06 sec)

Query OK, 0 rows affected (0.00 sec)

Query OK, 0 rows affected (0.00 sec)

Query OK, 0 rows affected, 1 warning (0.34 sec)

Query OK, 0 rows affected (0.00 sec)

Query OK, 0 rows affected (0.00 sec)

Query OK, 0 rows affected (0.04 sec)

Query OK, 28 rows affected (0.00 sec)
Records: 28  Duplicates: 0  Warnings: 0

Query OK, 0 rows affected (0.08 sec)

Query OK, 0 rows affected (0.00 sec)

Query OK, 0 rows affected (0.02 sec)

Query OK, 0 rows affected (0.00 sec)

Query OK, 0 rows affected (0.00 sec)

Query OK, 0 rows affected, 2 warnings (0.34 sec)

Query OK, 0 rows affected (0.00 sec)

Query OK, 0 rows affected (0.00 sec)

Query OK, 0 rows affected (0.04 sec)

Query OK, 68 rows affected (0.03 sec)
Records: 68  Duplicates: 0  Warnings: 0

Query OK, 0 rows affected (0.07 sec)

Query OK, 0 rows affected (0.00 sec)

Query OK, 0 rows affected (0.05 sec)

Query OK, 0 rows affected (0.00 sec)

Query OK, 0 rows affected (0.00 sec)

Query OK, 0 rows affected, 2 warnings (0.19 sec)

Query OK, 0 rows affected (0.00 sec)

Query OK, 0 rows affected (0.00 sec)

Query OK, 0 rows affected (0.08 sec)

Query OK, 68 rows affected (0.01 sec)
Records: 68  Duplicates: 0  Warnings: 0

Query OK, 0 rows affected (0.07 sec)

Query OK, 0 rows affected (0.00 sec)

Query OK, 0 rows affected (0.03 sec)

Query OK, 0 rows affected (0.00 sec)

Query OK, 0 rows affected (0.00 sec)

Query OK, 0 rows affected (0.14 sec)

Query OK, 0 rows affected (0.00 sec)

Query OK, 0 rows affected (0.00 sec)

Query OK, 0 rows affected (0.04 sec)

Query OK, 28 rows affected (0.00 sec)
Records: 28  Duplicates: 0  Warnings: 0

Query OK, 0 rows affected (0.08 sec)

Query OK, 0 rows affected (0.00 sec)

Query OK, 0 rows affected (0.06 sec)

Query OK, 0 rows affected (0.00 sec)

Query OK, 0 rows affected (0.00 sec)

Query OK, 0 rows affected, 1 warning (0.26 sec)

Query OK, 0 rows affected (0.00 sec)

Query OK, 0 rows affected (0.00 sec)

Query OK, 0 rows affected (0.05 sec)

Query OK, 54 rows affected (0.00 sec)
Records: 54  Duplicates: 0  Warnings: 0

Query OK, 0 rows affected (0.11 sec)

Query OK, 0 rows affected (0.00 sec)

Query OK, 0 rows affected (0.04 sec)

Query OK, 0 rows affected (0.00 sec)

Query OK, 0 rows affected (0.00 sec)

Query OK, 0 rows affected, 1 warning (0.24 sec)

Query OK, 0 rows affected (0.00 sec)

Query OK, 0 rows affected (0.00 sec)

Query OK, 0 rows affected (0.07 sec)

Query OK, 23 rows affected (0.00 sec)
Records: 23  Duplicates: 0  Warnings: 0

Query OK, 0 rows affected (0.06 sec)

Query OK, 0 rows affected (0.00 sec)

Query OK, 0 rows affected (0.02 sec)

Query OK, 0 rows affected (0.00 sec)

Query OK, 0 rows affected (0.00 sec)

Query OK, 0 rows affected (0.18 sec)

Query OK, 0 rows affected (0.00 sec)

Query OK, 0 rows affected (0.00 sec)

Query OK, 0 rows affected (0.02 sec)

Query OK, 37 rows affected (0.09 sec)
Records: 37  Duplicates: 0  Warnings: 0

Query OK, 0 rows affected (0.04 sec)

Query OK, 0 rows affected (0.00 sec)

Query OK, 0 rows affected (0.05 sec)

Query OK, 0 rows affected (0.00 sec)

Query OK, 0 rows affected (0.00 sec)

Query OK, 0 rows affected (0.14 sec)

Query OK, 0 rows affected (0.00 sec)

Query OK, 0 rows affected (0.00 sec)

Query OK, 0 rows affected (0.03 sec)

Query OK, 3 rows affected (0.00 sec)
Records: 3  Duplicates: 0  Warnings: 0

Query OK, 0 rows affected (0.04 sec)

Query OK, 0 rows affected (0.00 sec)

Query OK, 0 rows affected (0.06 sec)

Query OK, 0 rows affected (0.00 sec)

Query OK, 0 rows affected (0.00 sec)

Query OK, 0 rows affected (0.19 sec)

Query OK, 0 rows affected (0.00 sec)

Query OK, 0 rows affected (0.00 sec)

Query OK, 0 rows affected (0.03 sec)

Query OK, 14 rows affected (0.00 sec)
Records: 14  Duplicates: 0  Warnings: 0

Query OK, 0 rows affected (0.08 sec)

Query OK, 0 rows affected (0.00 sec)

Query OK, 0 rows affected (0.02 sec)

Query OK, 0 rows affected (0.00 sec)

Query OK, 0 rows affected (0.00 sec)

Query OK, 0 rows affected (0.16 sec)

Query OK, 0 rows affected (0.00 sec)

Query OK, 0 rows affected (0.00 sec)

Query OK, 0 rows affected (0.03 sec)

Query OK, 13 rows affected (0.00 sec)
Records: 13  Duplicates: 0  Warnings: 0

Query OK, 0 rows affected (0.04 sec)

Query OK, 0 rows affected (0.00 sec)

Query OK, 0 rows affected (0.02 sec)

Query OK, 0 rows affected (0.00 sec)

Query OK, 0 rows affected (0.00 sec)

Query OK, 0 rows affected, 2 warnings (0.14 sec)

Query OK, 0 rows affected (0.00 sec)

Query OK, 0 rows affected (0.00 sec)

Query OK, 0 rows affected (0.05 sec)

Query OK, 64 rows affected (0.00 sec)
Records: 64  Duplicates: 0  Warnings: 0

Query OK, 0 rows affected (0.04 sec)

Query OK, 0 rows affected (0.00 sec)

Query OK, 0 rows affected (0.03 sec)

Query OK, 0 rows affected (0.00 sec)

Query OK, 0 rows affected (0.00 sec)

Query OK, 0 rows affected (0.18 sec)

Query OK, 0 rows affected (0.00 sec)

Query OK, 0 rows affected (0.00 sec)

Query OK, 0 rows affected (0.03 sec)

Query OK, 26 rows affected (0.00 sec)
Records: 26  Duplicates: 0  Warnings: 0

Query OK, 0 rows affected (0.04 sec)

Query OK, 0 rows affected (0.00 sec)

Query OK, 0 rows affected (0.03 sec)

Query OK, 0 rows affected (0.00 sec)

Query OK, 0 rows affected (0.00 sec)

Query OK, 0 rows affected (0.16 sec)

Query OK, 0 rows affected (0.00 sec)

Query OK, 0 rows affected (0.00 sec)

Query OK, 0 rows affected (0.01 sec)

Query OK, 17 rows affected (0.00 sec)
Records: 17  Duplicates: 0  Warnings: 0

Query OK, 0 rows affected (0.08 sec)

Query OK, 0 rows affected (0.00 sec)

Query OK, 0 rows affected (0.04 sec)

Query OK, 0 rows affected (0.00 sec)

Query OK, 0 rows affected (0.00 sec)

Query OK, 0 rows affected (0.19 sec)

Query OK, 0 rows affected (0.00 sec)

Query OK, 0 rows affected (0.00 sec)

Query OK, 0 rows affected (0.02 sec)

Query OK, 20 rows affected (0.00 sec)
Records: 20  Duplicates: 0  Warnings: 0

Query OK, 0 rows affected (0.09 sec)

Query OK, 0 rows affected (0.00 sec)

Query OK, 0 rows affected (0.06 sec)

Query OK, 0 rows affected (0.00 sec)

Query OK, 0 rows affected (0.00 sec)

Query OK, 0 rows affected, 1 warning (0.11 sec)

Query OK, 0 rows affected (0.00 sec)

Query OK, 0 rows affected (0.00 sec)

Query OK, 0 rows affected (0.03 sec)

Query OK, 8 rows affected (0.00 sec)
Records: 8  Duplicates: 0  Warnings: 0

Query OK, 0 rows affected (0.06 sec)

Query OK, 0 rows affected (0.00 sec)

Query OK, 0 rows affected (0.06 sec)

Query OK, 0 rows affected (0.00 sec)

Query OK, 0 rows affected (0.00 sec)

Query OK, 0 rows affected (0.18 sec)

Query OK, 0 rows affected (0.00 sec)

Query OK, 0 rows affected (0.00 sec)

Query OK, 0 rows affected (0.03 sec)

Query OK, 15 rows affected (0.00 sec)
Records: 15  Duplicates: 0  Warnings: 0

Query OK, 0 rows affected (0.04 sec)

Query OK, 0 rows affected (0.00 sec)

Query OK, 0 rows affected (0.03 sec)

Query OK, 0 rows affected (0.00 sec)

Query OK, 0 rows affected (0.00 sec)

Query OK, 0 rows affected (0.14 sec)

Query OK, 0 rows affected (0.00 sec)

Query OK, 0 rows affected (0.00 sec)

Query OK, 0 rows affected (0.05 sec)

Query OK, 17 rows affected (0.00 sec)
Records: 17  Duplicates: 0  Warnings: 0

Query OK, 0 rows affected (0.10 sec)

Query OK, 0 rows affected (0.00 sec)

Query OK, 0 rows affected (0.04 sec)

Query OK, 0 rows affected (0.00 sec)

Query OK, 0 rows affected (0.00 sec)

Query OK, 0 rows affected (0.11 sec)

Query OK, 0 rows affected (0.00 sec)

Query OK, 0 rows affected (0.00 sec)

Query OK, 0 rows affected (0.04 sec)

Query OK, 0 rows affected (0.02 sec)

Query OK, 0 rows affected (0.00 sec)

Query OK, 0 rows affected (0.04 sec)

Query OK, 0 rows affected (0.00 sec)

Query OK, 0 rows affected (0.00 sec)

Query OK, 0 rows affected (0.14 sec)

Query OK, 0 rows affected (0.00 sec)

Query OK, 0 rows affected (0.00 sec)

Query OK, 0 rows affected (0.04 sec)

Query OK, 11 rows affected (0.00 sec)
Records: 11  Duplicates: 0  Warnings: 0

Query OK, 0 rows affected (0.04 sec)

Query OK, 0 rows affected (0.00 sec)

Query OK, 0 rows affected (0.05 sec)

Query OK, 0 rows affected (0.00 sec)

Query OK, 0 rows affected (0.00 sec)

Query OK, 0 rows affected (0.17 sec)

Query OK, 0 rows affected (0.00 sec)

Query OK, 0 rows affected (0.00 sec)

Query OK, 0 rows affected (0.02 sec)

Query OK, 12 rows affected (0.00 sec)
Records: 12  Duplicates: 0  Warnings: 0

Query OK, 0 rows affected (0.05 sec)

Query OK, 0 rows affected (0.00 sec)

Query OK, 0 rows affected (0.03 sec)

Query OK, 0 rows affected (0.00 sec)

Query OK, 0 rows affected (0.00 sec)

Query OK, 0 rows affected (0.15 sec)

Query OK, 0 rows affected (0.00 sec)

Query OK, 0 rows affected (0.00 sec)

Query OK, 0 rows affected (0.04 sec)

Query OK, 34 rows affected (0.05 sec)
Records: 34  Duplicates: 0  Warnings: 0

Query OK, 0 rows affected (0.09 sec)

Query OK, 0 rows affected (0.00 sec)

Query OK, 0 rows affected (0.03 sec)

Query OK, 0 rows affected (0.00 sec)

Query OK, 0 rows affected (0.00 sec)

Query OK, 0 rows affected, 1 warning (0.37 sec)

Query OK, 0 rows affected (0.00 sec)

Query OK, 0 rows affected (0.00 sec)

Query OK, 0 rows affected (0.03 sec)

Query OK, 21 rows affected (0.00 sec)
Records: 21  Duplicates: 0  Warnings: 0

Query OK, 0 rows affected (0.08 sec)

Query OK, 0 rows affected (0.00 sec)

Query OK, 0 rows affected (0.08 sec)

Query OK, 0 rows affected (0.00 sec)

Query OK, 0 rows affected (0.00 sec)

Query OK, 0 rows affected (0.31 sec)

Query OK, 0 rows affected (0.00 sec)

Query OK, 0 rows affected (0.00 sec)

Query OK, 0 rows affected (0.04 sec)

Query OK, 49 rows affected (0.00 sec)
Records: 49  Duplicates: 0  Warnings: 0

Query OK, 0 rows affected (0.08 sec)

Query OK, 0 rows affected (0.00 sec)

Query OK, 0 rows affected (0.02 sec)

Query OK, 0 rows affected (0.00 sec)

Query OK, 0 rows affected (0.00 sec)

Query OK, 0 rows affected (0.16 sec)

Query OK, 0 rows affected (0.00 sec)

Query OK, 0 rows affected (0.00 sec)

Query OK, 0 rows affected (0.03 sec)

Query OK, 19 rows affected (0.00 sec)
Records: 19  Duplicates: 0  Warnings: 0

Query OK, 0 rows affected (0.05 sec)

Query OK, 0 rows affected (0.00 sec)

Query OK, 0 rows affected (0.07 sec)

Query OK, 0 rows affected (0.00 sec)

Query OK, 0 rows affected (0.00 sec)

Query OK, 0 rows affected (0.16 sec)

Query OK, 0 rows affected (0.00 sec)

Query OK, 0 rows affected (0.00 sec)

Query OK, 0 rows affected (0.02 sec)

Query OK, 54 rows affected (0.00 sec)
Records: 54  Duplicates: 0  Warnings: 0

Query OK, 0 rows affected (0.06 sec)

Query OK, 0 rows affected (0.00 sec)

Query OK, 0 rows affected (0.04 sec)

Query OK, 0 rows affected (0.00 sec)

Query OK, 0 rows affected (0.00 sec)

Query OK, 0 rows affected (0.14 sec)

Query OK, 0 rows affected (0.00 sec)

Query OK, 0 rows affected (0.00 sec)

Query OK, 0 rows affected (0.03 sec)

Query OK, 6 rows affected (0.01 sec)
Records: 6  Duplicates: 0  Warnings: 0

Query OK, 0 rows affected (0.07 sec)

Query OK, 0 rows affected (0.00 sec)

Query OK, 0 rows affected (0.03 sec)

Query OK, 0 rows affected (0.00 sec)

Query OK, 0 rows affected (0.00 sec)

Query OK, 0 rows affected, 2 warnings (0.15 sec)

Query OK, 0 rows affected (0.00 sec)

Query OK, 0 rows affected (0.00 sec)

Query OK, 0 rows affected (0.02 sec)

Query OK, 17 rows affected (0.00 sec)
Records: 17  Duplicates: 0  Warnings: 0

Query OK, 0 rows affected (0.04 sec)

Query OK, 0 rows affected (0.00 sec)

Query OK, 0 rows affected (0.03 sec)

Query OK, 0 rows affected (0.00 sec)

Query OK, 0 rows affected (0.00 sec)

Query OK, 0 rows affected (0.07 sec)

Query OK, 0 rows affected (0.00 sec)

Query OK, 0 rows affected (0.00 sec)

Query OK, 0 rows affected (0.01 sec)

Query OK, 10 rows affected (0.00 sec)
Records: 10  Duplicates: 0  Warnings: 0

Query OK, 0 rows affected (0.04 sec)

Query OK, 0 rows affected (0.00 sec)

Query OK, 0 rows affected (0.02 sec)

Query OK, 0 rows affected (0.00 sec)

Query OK, 0 rows affected (0.00 sec)

Query OK, 0 rows affected, 1 warning (0.09 sec)

Query OK, 0 rows affected (0.00 sec)

Query OK, 0 rows affected (0.00 sec)

Query OK, 0 rows affected (0.02 sec)

Query OK, 77 rows affected (0.00 sec)
Records: 77  Duplicates: 0  Warnings: 0

Query OK, 0 rows affected (0.03 sec)

Query OK, 0 rows affected (0.00 sec)

Query OK, 0 rows affected (0.02 sec)

Query OK, 0 rows affected (0.00 sec)

Query OK, 0 rows affected (0.00 sec)

Query OK, 0 rows affected, 1 warning (0.10 sec)

Query OK, 0 rows affected (0.00 sec)

Query OK, 0 rows affected (0.00 sec)

Query OK, 0 rows affected (0.02 sec)

Query OK, 12 rows affected (0.00 sec)
Records: 12  Duplicates: 0  Warnings: 0

Query OK, 0 rows affected (0.04 sec)

Query OK, 0 rows affected (0.00 sec)

Query OK, 0 rows affected (0.02 sec)

Query OK, 0 rows affected (0.00 sec)

Query OK, 0 rows affected (0.00 sec)

Query OK, 0 rows affected (0.10 sec)

Query OK, 0 rows affected (0.00 sec)

Query OK, 0 rows affected (0.00 sec)

Query OK, 0 rows affected (0.02 sec)

Query OK, 9 rows affected (0.00 sec)
Records: 9  Duplicates: 0  Warnings: 0

Query OK, 0 rows affected (0.04 sec)

Query OK, 0 rows affected (0.00 sec)

Query OK, 0 rows affected (0.01 sec)

Query OK, 0 rows affected (0.00 sec)

Query OK, 0 rows affected (0.00 sec)

Query OK, 0 rows affected (0.13 sec)

Query OK, 0 rows affected (0.00 sec)

Query OK, 0 rows affected (0.00 sec)

Query OK, 0 rows affected (0.02 sec)

Query OK, 4 rows affected (0.00 sec)
Records: 4  Duplicates: 0  Warnings: 0

Query OK, 0 rows affected (0.03 sec)

Query OK, 0 rows affected (0.00 sec)

Query OK, 0 rows affected (0.01 sec)

Query OK, 0 rows affected (0.00 sec)

Query OK, 0 rows affected (0.00 sec)

Query OK, 0 rows affected (0.10 sec)

Query OK, 0 rows affected (0.00 sec)

Query OK, 0 rows affected (0.00 sec)

Query OK, 0 rows affected (0.02 sec)

Query OK, 6 rows affected (0.00 sec)
Records: 6  Duplicates: 0  Warnings: 0

Query OK, 0 rows affected (0.04 sec)

Query OK, 0 rows affected (0.00 sec)

Query OK, 0 rows affected (0.01 sec)

Query OK, 0 rows affected (0.00 sec)

Query OK, 0 rows affected (0.00 sec)

Query OK, 0 rows affected (0.12 sec)

Query OK, 0 rows affected (0.00 sec)

Query OK, 0 rows affected (0.00 sec)

Query OK, 0 rows affected (0.01 sec)

Query OK, 4 rows affected (0.00 sec)
Records: 4  Duplicates: 0  Warnings: 0

Query OK, 0 rows affected (0.03 sec)

Query OK, 0 rows affected (0.00 sec)

Query OK, 0 rows affected (0.09 sec)

Query OK, 0 rows affected (0.00 sec)

Query OK, 0 rows affected (0.00 sec)

Query OK, 0 rows affected (0.11 sec)

Query OK, 0 rows affected (0.00 sec)

Query OK, 0 rows affected (0.00 sec)

Query OK, 0 rows affected (0.02 sec)

Query OK, 30 rows affected (0.00 sec)
Records: 30  Duplicates: 0  Warnings: 0

Query OK, 0 rows affected (0.04 sec)

Query OK, 0 rows affected (0.00 sec)

Query OK, 0 rows affected (0.02 sec)

Query OK, 0 rows affected (0.00 sec)

Query OK, 0 rows affected (0.00 sec)

Query OK, 0 rows affected (0.07 sec)

Query OK, 0 rows affected (0.00 sec)

Query OK, 0 rows affected (0.00 sec)

Query OK, 0 rows affected (0.02 sec)

Query OK, 4 rows affected (0.00 sec)
Records: 4  Duplicates: 0  Warnings: 0

Query OK, 0 rows affected (0.04 sec)

Query OK, 0 rows affected (0.00 sec)

Query OK, 0 rows affected (0.01 sec)

Query OK, 0 rows affected (0.00 sec)

Query OK, 0 rows affected (0.00 sec)

Query OK, 0 rows affected, 4 warnings (0.08 sec)

Query OK, 0 rows affected (0.00 sec)

Query OK, 0 rows affected (0.00 sec)

Query OK, 0 rows affected (0.04 sec)

Query OK, 7 rows affected (0.00 sec)
Records: 7  Duplicates: 0  Warnings: 0

Query OK, 0 rows affected (0.06 sec)

Query OK, 0 rows affected (0.00 sec)

Query OK, 0 rows affected (0.06 sec)

Query OK, 0 rows affected (0.00 sec)

Query OK, 0 rows affected (0.00 sec)

Query OK, 0 rows affected (0.14 sec)

Query OK, 0 rows affected (0.00 sec)

Query OK, 0 rows affected (0.00 sec)

Query OK, 0 rows affected (0.02 sec)

Query OK, 5 rows affected (0.00 sec)
Records: 5  Duplicates: 0  Warnings: 0

Query OK, 0 rows affected (0.04 sec)

Query OK, 0 rows affected (0.00 sec)

Query OK, 0 rows affected (0.01 sec)

Query OK, 0 rows affected (0.04 sec)

Query OK, 0 rows affected (0.00 sec)

Query OK, 0 rows affected (0.00 sec)

Query OK, 0 rows affected (0.24 sec)

Query OK, 0 rows affected (0.00 sec)

Query OK, 0 rows affected (0.03 sec)

Query OK, 0 rows affected (0.00 sec)

Query OK, 0 rows affected (0.00 sec)

Query OK, 0 rows affected (0.10 sec)

Query OK, 0 rows affected (0.00 sec)

Query OK, 0 rows affected (0.00 sec)

Query OK, 0 rows affected (0.03 sec)

Query OK, 4 rows affected (0.00 sec)
Records: 4  Duplicates: 0  Warnings: 0

Query OK, 0 rows affected (0.05 sec)

Query OK, 0 rows affected (0.00 sec)

Query OK, 0 rows affected (0.02 sec)

Query OK, 0 rows affected (0.00 sec)

Query OK, 0 rows affected (0.00 sec)

Query OK, 0 rows affected (0.11 sec)

Query OK, 0 rows affected (0.00 sec)

Query OK, 0 rows affected (0.00 sec)

Query OK, 0 rows affected (0.02 sec)

Query OK, 9 rows affected (0.00 sec)
Records: 9  Duplicates: 0  Warnings: 0

Query OK, 0 rows affected (0.04 sec)

Query OK, 0 rows affected (0.00 sec)

Query OK, 0 rows affected (0.01 sec)

Query OK, 0 rows affected (0.00 sec)

Query OK, 0 rows affected (0.00 sec)

Query OK, 0 rows affected (0.10 sec)

Query OK, 0 rows affected (0.00 sec)

Query OK, 0 rows affected (0.00 sec)

Query OK, 0 rows affected (0.02 sec)

Query OK, 7 rows affected (0.00 sec)
Records: 7  Duplicates: 0  Warnings: 0

Query OK, 0 rows affected (0.04 sec)

Query OK, 0 rows affected (0.00 sec)

Query OK, 0 rows affected (0.01 sec)

Query OK, 0 rows affected (0.00 sec)

Query OK, 0 rows affected (0.00 sec)

Query OK, 0 rows affected (0.23 sec)

Query OK, 0 rows affected (0.00 sec)

Query OK, 0 rows affected (0.00 sec)

Query OK, 0 rows affected (0.04 sec)

Query OK, 10 rows affected (0.00 sec)
Records: 10  Duplicates: 0  Warnings: 0

Query OK, 0 rows affected (0.07 sec)

Query OK, 0 rows affected (0.00 sec)

Query OK, 0 rows affected (0.01 sec)

Query OK, 0 rows affected (0.00 sec)

Query OK, 0 rows affected (0.00 sec)

Query OK, 0 rows affected (0.10 sec)

Query OK, 0 rows affected (0.00 sec)

Query OK, 0 rows affected (0.00 sec)

Query OK, 0 rows affected (0.01 sec)

Query OK, 21 rows affected (0.00 sec)
Records: 21  Duplicates: 0  Warnings: 0

Query OK, 0 rows affected (0.03 sec)

Query OK, 0 rows affected (0.00 sec)

Query OK, 0 rows affected (0.01 sec)

Query OK, 0 rows affected (0.00 sec)

Query OK, 0 rows affected (0.00 sec)

Query OK, 0 rows affected (0.10 sec)

Query OK, 0 rows affected (0.00 sec)

Query OK, 0 rows affected (0.00 sec)

Query OK, 0 rows affected (0.02 sec)

Query OK, 6 rows affected (0.00 sec)
Records: 6  Duplicates: 0  Warnings: 0

Query OK, 0 rows affected (0.03 sec)

Query OK, 0 rows affected (0.00 sec)

Query OK, 0 rows affected (0.01 sec)

Query OK, 0 rows affected (0.00 sec)

Query OK, 0 rows affected (0.00 sec)

Query OK, 0 rows affected (0.11 sec)

Query OK, 0 rows affected (0.00 sec)

Query OK, 0 rows affected (0.00 sec)

Query OK, 0 rows affected (0.01 sec)

Query OK, 7 rows affected (0.00 sec)
Records: 7  Duplicates: 0  Warnings: 0

Query OK, 0 rows affected (0.03 sec)

Query OK, 0 rows affected (0.00 sec)

Query OK, 0 rows affected (0.01 sec)

Query OK, 0 rows affected (0.00 sec)

Query OK, 0 rows affected (0.00 sec)

Query OK, 0 rows affected (0.10 sec)

Query OK, 0 rows affected (0.00 sec)

Query OK, 0 rows affected (0.00 sec)

Query OK, 0 rows affected (0.02 sec)

Query OK, 5 rows affected (0.00 sec)
Records: 5  Duplicates: 0  Warnings: 0

Query OK, 0 rows affected (0.03 sec)

Query OK, 0 rows affected (0.00 sec)

Query OK, 0 rows affected (0.01 sec)

Query OK, 0 rows affected (0.00 sec)

Query OK, 0 rows affected (0.00 sec)

Query OK, 0 rows affected (0.21 sec)

Query OK, 0 rows affected (0.00 sec)

Query OK, 0 rows affected (0.00 sec)

Query OK, 0 rows affected (0.02 sec)

Query OK, 41 rows affected (0.00 sec)
Records: 41  Duplicates: 0  Warnings: 0

Query OK, 0 rows affected (0.03 sec)

Query OK, 0 rows affected (0.00 sec)

Query OK, 0 rows affected (0.04 sec)

Query OK, 0 rows affected (0.00 sec)

Query OK, 0 rows affected (0.00 sec)

Query OK, 0 rows affected (0.17 sec)

Query OK, 0 rows affected (0.00 sec)

Query OK, 0 rows affected (0.00 sec)

Query OK, 0 rows affected (0.02 sec)

Query OK, 10 rows affected (0.00 sec)
Records: 10  Duplicates: 0  Warnings: 0

Query OK, 0 rows affected (0.04 sec)

Query OK, 0 rows affected (0.00 sec)

Query OK, 0 rows affected (0.03 sec)

Query OK, 0 rows affected (0.00 sec)

Query OK, 0 rows affected (0.00 sec)

Query OK, 0 rows affected (0.12 sec)

Query OK, 0 rows affected (0.00 sec)

Query OK, 0 rows affected (0.00 sec)

Query OK, 0 rows affected (0.03 sec)

Query OK, 33 rows affected (0.00 sec)
Records: 33  Duplicates: 0  Warnings: 0

Query OK, 0 rows affected (0.05 sec)

Query OK, 0 rows affected (0.00 sec)

Query OK, 0 rows affected (0.01 sec)

Query OK, 0 rows affected (0.00 sec)

Query OK, 0 rows affected (0.00 sec)

Query OK, 0 rows affected (0.09 sec)

Query OK, 0 rows affected (0.00 sec)

Query OK, 0 rows affected (0.00 sec)

Query OK, 0 rows affected (0.02 sec)

Query OK, 218 rows affected (0.01 sec)
Records: 218  Duplicates: 0  Warnings: 0

Query OK, 0 rows affected (0.04 sec)

Query OK, 0 rows affected (0.00 sec)

Query OK, 0 rows affected (0.02 sec)

Query OK, 0 rows affected (0.00 sec)

Query OK, 0 rows affected (0.00 sec)

Query OK, 0 rows affected (0.27 sec)

Query OK, 0 rows affected (0.00 sec)

Query OK, 0 rows affected (0.00 sec)

Query OK, 0 rows affected (0.06 sec)

Query OK, 5 rows affected (0.00 sec)
Records: 5  Duplicates: 0  Warnings: 0

Query OK, 0 rows affected (0.04 sec)

Query OK, 0 rows affected (0.00 sec)

Query OK, 0 rows affected (0.02 sec)

Query OK, 0 rows affected (0.00 sec)

Query OK, 0 rows affected (0.00 sec)

Query OK, 0 rows affected (0.10 sec)

Query OK, 0 rows affected (0.00 sec)

Query OK, 0 rows affected (0.00 sec)

Query OK, 0 rows affected (0.03 sec)

Query OK, 34 rows affected (0.00 sec)
Records: 34  Duplicates: 0  Warnings: 0

Query OK, 0 rows affected (0.03 sec)

Query OK, 0 rows affected (0.00 sec)

Query OK, 0 rows affected (0.01 sec)

Query OK, 0 rows affected (0.00 sec)

Query OK, 0 rows affected (0.00 sec)

Query OK, 0 rows affected (0.09 sec)

Query OK, 0 rows affected (0.00 sec)

Query OK, 0 rows affected (0.00 sec)

Query OK, 0 rows affected (0.02 sec)

Query OK, 5 rows affected (0.00 sec)
Records: 5  Duplicates: 0  Warnings: 0

Query OK, 0 rows affected (0.04 sec)

Query OK, 0 rows affected (0.00 sec)

Query OK, 0 rows affected (0.02 sec)

Query OK, 0 rows affected (0.00 sec)

Query OK, 0 rows affected (0.00 sec)

Query OK, 0 rows affected (0.12 sec)

Query OK, 0 rows affected (0.00 sec)

Query OK, 0 rows affected (0.00 sec)

Query OK, 0 rows affected (0.03 sec)

Query OK, 0 rows affected (0.02 sec)

Query OK, 0 rows affected (0.00 sec)

Query OK, 0 rows affected (0.02 sec)

Query OK, 0 rows affected (0.00 sec)

Query OK, 0 rows affected (0.00 sec)

Query OK, 0 rows affected (0.24 sec)

Query OK, 0 rows affected (0.00 sec)

Query OK, 0 rows affected (0.00 sec)

Query OK, 0 rows affected (0.02 sec)

Query OK, 9 rows affected (0.00 sec)
Records: 9  Duplicates: 0  Warnings: 0

Query OK, 0 rows affected (0.03 sec)

Query OK, 0 rows affected (0.00 sec)

Query OK, 0 rows affected (0.02 sec)

Query OK, 0 rows affected (0.00 sec)

Query OK, 0 rows affected (0.00 sec)

Query OK, 0 rows affected (0.11 sec)

Query OK, 0 rows affected (0.00 sec)

Query OK, 0 rows affected (0.00 sec)

Query OK, 0 rows affected (0.02 sec)

Query OK, 7 rows affected (0.00 sec)
Records: 7  Duplicates: 0  Warnings: 0

Query OK, 0 rows affected (0.03 sec)

Query OK, 0 rows affected (0.00 sec)

Query OK, 0 rows affected (0.01 sec)

Query OK, 0 rows affected (0.00 sec)

Query OK, 0 rows affected (0.00 sec)

Query OK, 0 rows affected (0.14 sec)

Query OK, 0 rows affected (0.00 sec)

Query OK, 0 rows affected (0.00 sec)

Query OK, 0 rows affected (0.02 sec)

Query OK, 10 rows affected (0.00 sec)
Records: 10  Duplicates: 0  Warnings: 0

Query OK, 0 rows affected (0.05 sec)

Query OK, 0 rows affected (0.00 sec)

Query OK, 0 rows affected (0.01 sec)

Query OK, 0 rows affected (0.00 sec)

Query OK, 0 rows affected (0.00 sec)

Query OK, 0 rows affected (0.11 sec)

Query OK, 0 rows affected (0.00 sec)

Query OK, 0 rows affected (0.00 sec)

Query OK, 0 rows affected (0.02 sec)

Query OK, 6 rows affected (0.00 sec)
Records: 6  Duplicates: 0  Warnings: 0

Query OK, 0 rows affected (0.04 sec)

Query OK, 0 rows affected (0.00 sec)

Query OK, 0 rows affected (0.01 sec)

Query OK, 0 rows affected (0.00 sec)

Query OK, 0 rows affected (0.00 sec)

Query OK, 0 rows affected, 1 warning (0.24 sec)

Query OK, 0 rows affected (0.00 sec)

Query OK, 0 rows affected (0.00 sec)

Query OK, 0 rows affected (0.06 sec)

Query OK, 16 rows affected (0.00 sec)
Records: 16  Duplicates: 0  Warnings: 0

Query OK, 0 rows affected (0.07 sec)

Query OK, 0 rows affected (0.00 sec)

Query OK, 0 rows affected (0.01 sec)

Query OK, 0 rows affected (0.00 sec)

Query OK, 0 rows affected (0.00 sec)

Query OK, 0 rows affected (0.10 sec)

Query OK, 0 rows affected (0.00 sec)

Query OK, 0 rows affected (0.00 sec)

Query OK, 0 rows affected (0.02 sec)

Query OK, 29 rows affected (0.00 sec)
Records: 29  Duplicates: 0  Warnings: 0

Query OK, 0 rows affected (0.03 sec)

Query OK, 0 rows affected (0.00 sec)

Query OK, 0 rows affected (0.01 sec)

Query OK, 0 rows affected (0.00 sec)

Query OK, 0 rows affected (0.00 sec)

Query OK, 0 rows affected (0.14 sec)

Query OK, 0 rows affected (0.00 sec)

Query OK, 0 rows affected (0.00 sec)

Query OK, 0 rows affected (0.03 sec)

Query OK, 33 rows affected (0.00 sec)
Records: 33  Duplicates: 0  Warnings: 0

Query OK, 0 rows affected (0.04 sec)

Query OK, 0 rows affected (0.00 sec)

Query OK, 0 rows affected (0.01 sec)

Query OK, 0 rows affected (0.02 sec)

Query OK, 0 rows affected (0.00 sec)

Query OK, 0 rows affected (0.00 sec)

Query OK, 0 rows affected (0.02 sec)

Query OK, 0 rows affected (0.00 sec)

Query OK, 0 rows affected (0.02 sec)

Query OK, 0 rows affected (0.01 sec)

Query OK, 0 rows affected (0.00 sec)

Query OK, 0 rows affected (0.00 sec)

Query OK, 0 rows affected (0.04 sec)

Query OK, 0 rows affected (0.00 sec)

Query OK, 0 rows affected (0.01 sec)

Query OK, 0 rows affected (0.00 sec)

Query OK, 0 rows affected (0.00 sec)

Query OK, 0 rows affected (0.10 sec)

Query OK, 0 rows affected (0.00 sec)

Query OK, 0 rows affected (0.00 sec)

Query OK, 0 rows affected (0.10 sec)

Query OK, 4 rows affected (0.00 sec)
Records: 4  Duplicates: 0  Warnings: 0

Query OK, 0 rows affected (0.09 sec)

Query OK, 0 rows affected (0.00 sec)

Query OK, 0 rows affected (0.01 sec)

Query OK, 0 rows affected (0.00 sec)

Query OK, 0 rows affected (0.00 sec)

Query OK, 0 rows affected (0.13 sec)

Query OK, 0 rows affected (0.00 sec)

Query OK, 0 rows affected (0.00 sec)

Query OK, 0 rows affected (0.02 sec)

Query OK, 27 rows affected (0.00 sec)
Records: 27  Duplicates: 0  Warnings: 0

Query OK, 0 rows affected (0.04 sec)

Query OK, 0 rows affected (0.00 sec)

Query OK, 0 rows affected (0.02 sec)

Query OK, 0 rows affected (0.00 sec)

Query OK, 0 rows affected (0.00 sec)

Query OK, 0 rows affected (0.10 sec)

Query OK, 0 rows affected (0.00 sec)

Query OK, 0 rows affected (0.00 sec)

Query OK, 0 rows affected (0.02 sec)

Query OK, 6 rows affected (0.00 sec)
Records: 6  Duplicates: 0  Warnings: 0

Query OK, 0 rows affected (0.03 sec)

Query OK, 0 rows affected (0.00 sec)

Query OK, 0 rows affected (0.01 sec)

Query OK, 0 rows affected (0.00 sec)

Query OK, 0 rows affected (0.00 sec)

Query OK, 0 rows affected (0.11 sec)

Query OK, 0 rows affected (0.00 sec)

Query OK, 0 rows affected (0.00 sec)

Query OK, 0 rows affected (0.02 sec)

Query OK, 2 rows affected (0.00 sec)
Records: 2  Duplicates: 0  Warnings: 0

Query OK, 0 rows affected (0.03 sec)

Query OK, 0 rows affected (0.00 sec)

Query OK, 0 rows affected (0.02 sec)

Query OK, 0 rows affected (0.00 sec)

Query OK, 0 rows affected (0.00 sec)

Query OK, 0 rows affected (0.00 sec)

Query OK, 0 rows affected (0.00 sec)

Query OK, 0 rows affected (0.00 sec)

Query OK, 0 rows affected (0.00 sec)

Query OK, 0 rows affected (0.05 sec)

Query OK, 0 rows affected (0.00 sec)

Query OK, 0 rows affected (0.00 sec)

Query OK, 0 rows affected (0.00 sec)

Query OK, 0 rows affected (0.03 sec)

Query OK, 0 rows affected (0.00 sec)

Query OK, 0 rows affected (0.00 sec)

Query OK, 0 rows affected (0.00 sec)

Query OK, 0 rows affected (0.00 sec)

Query OK, 0 rows affected (0.00 sec)

Query OK, 0 rows affected (0.00 sec)

Query OK, 0 rows affected (0.03 sec)

Query OK, 0 rows affected (0.00 sec)

Query OK, 0 rows affected (0.00 sec)

Query OK, 0 rows affected (0.00 sec)

Query OK, 0 rows affected (0.02 sec)

Query OK, 0 rows affected (0.00 sec)

Query OK, 0 rows affected (0.00 sec)

Query OK, 0 rows affected (0.00 sec)

Query OK, 0 rows affected (0.00 sec)

Query OK, 0 rows affected (0.00 sec)

Query OK, 0 rows affected (0.00 sec)

Query OK, 0 rows affected (0.07 sec)

Query OK, 0 rows affected (0.00 sec)

Query OK, 0 rows affected (0.00 sec)

Query OK, 0 rows affected (0.00 sec)

Query OK, 0 rows affected (0.00 sec)

Query OK, 0 rows affected, 1 warning (0.00 sec)

Query OK, 0 rows affected (0.00 sec)

Query OK, 0 rows affected (0.00 sec)

Query OK, 0 rows affected (0.00 sec)

Query OK, 0 rows affected (0.00 sec)

Query OK, 0 rows affected (0.00 sec)

Query OK, 0 rows affected (0.00 sec)

mysql> show tables;
+---------------------+
| Tables_in_r1        |
+---------------------+
| a                   |
| agent               |
| andor               |
| b                   |
| blanktablea         |
| blanktableb         |
| blog                |
| bonus               |
| books               |
| candidate           |
| client              |
| coalesce            |
| comments            |
| company             |
| customer            |
| customers           |
| demodept1           |
| demodept2           |
| dept                |
| dept1               |
| docs                |
| dummy               |
| duplicate           |
| emp                 |
| emp1                |
| emp2                |
| emp_attendance      |
| emp_cards           |
| emp_phone           |
| empj                |
| envelope            |
| food                |
| hobby               |
| item                |
| key_parts           |
| licence             |
| location            |
| mass_table          |
| menucard            |
| nearest             |
| new                 |
| newbooks            |
| nullif              |
| numberstring        |
| ord                 |
| orders              |
| plumber             |
| plumber_service_map |
| points              |
| price               |
| product             |
| products            |
| quarter_revenue     |
| r                   |
| r1                  |
| r2                  |
| races               |
| regexpr             |
| replacedept         |
| revenue             |
| runners             |
| sales               |
| sales_channel       |
| salespeople         |
| salesperson         |
| salgrade            |
| service             |
| seta                |
| setb                |
| softdrink           |
| sort                |
| stadium             |
| states              |
| station             |
| status              |
| stringnumber        |
| t1                  |
| t2                  |
| tablea              |
| tableaa             |
| tableb              |
| tablebb             |
| tasks               |
| temp1               |
| transactions        |
| v1                  |
| v2                  |
| vote_response       |
| votes               |
| warehouse           |
| z                   |
+---------------------+
91 rows in set (0.00 sec)

mysql> drop database r1;
Query OK, 91 rows affected (3.32 sec)

mysql> create database r1;
Query OK, 1 row affected (0.02 sec)

mysql> exit
Bye

C:\Users\IET>mysql --host=localhost --port=3306 --user=saleel --password r1 << C:\dataFile\bk.sql
<< was unexpected at this time.

C:\Users\IET>mysql --host=localhost --port=3306 --user=saleel --password r1 < C:\dataFile\bk.sql
Enter password: ****

C:\Users\IET>mysql --host=localhost --port=3306 --user=saleel --password r1
Enter password: ****
Welcome to the MySQL monitor.  Commands end with ; or \g.
Your MySQL connection id is 12
Server version: 8.0.30 MySQL Community Server - GPL

Copyright (c) 2000, 2022, Oracle and/or its affiliates.

Oracle is a registered trademark of Oracle Corporation and/or its
affiliates. Other names may be trademarks of their respective
owners.

Type 'help;' or '\h' for help. Type '\c' to clear the current input statement.

mysql> select database();
+------------+
| database() |
+------------+
| r1         |
+------------+
1 row in set (0.00 sec)

mysql> show tables;
+---------------------+
| Tables_in_r1        |
+---------------------+
| a                   |
| agent               |
| andor               |
| b                   |
| blanktablea         |
| blanktableb         |
| blog                |
| bonus               |
| books               |
| candidate           |
| client              |
| coalesce            |
| comments            |
| company             |
| customer            |
| customers           |
| demodept1           |
| demodept2           |
| dept                |
| dept1               |
| docs                |
| dummy               |
| duplicate           |
| emp                 |
| emp1                |
| emp2                |
| emp_attendance      |
| emp_cards           |
| emp_phone           |
| empj                |
| envelope            |
| food                |
| hobby               |
| item                |
| key_parts           |
| licence             |
| location            |
| mass_table          |
| menucard            |
| nearest             |
| new                 |
| newbooks            |
| nullif              |
| numberstring        |
| ord                 |
| orders              |
| plumber             |
| plumber_service_map |
| points              |
| price               |
| product             |
| products            |
| quarter_revenue     |
| r                   |
| r1                  |
| r2                  |
| races               |
| regexpr             |
| replacedept         |
| revenue             |
| runners             |
| sales               |
| sales_channel       |
| salespeople         |
| salesperson         |
| salgrade            |
| service             |
| seta                |
| setb                |
| softdrink           |
| sort                |
| stadium             |
| states              |
| station             |
| status              |
| stringnumber        |
| t1                  |
| t2                  |
| tablea              |
| tableaa             |
| tableb              |
| tablebb             |
| tasks               |
| temp1               |
| transactions        |
| v1                  |
| v2                  |
| vote_response       |
| votes               |
| warehouse           |
| z                   |
+---------------------+
91 rows in set (0.00 sec)

mysql> select * from dept;
+--------+------------+----------+------------+------------+
| DEPTNO | DNAME      | LOC      | PWD        | STARTEDON  |
+--------+------------+----------+------------+------------+
|     10 | ACCOUNTING | NEW YORK | r50mpm     | 24/03/1989 |
|     20 | RESEARCH   | DALLAS   | a12recmpm  | 12/04/1989 |
|     30 | SALES      | CHICAGO  | sales@2017 | 13/04/1989 |
|     40 | OPERATIONS | BOSTON   | opr@123    | 12/07/1989 |
|     50 | HR         | PUNE     | PUN@8877   | 22/12/1989 |
+--------+------------+----------+------------+------------+
5 rows in set (0.00 sec)

mysql> select * from dept;
+--------+------------+----------+------------+------------+
| DEPTNO | DNAME      | LOC      | PWD        | STARTEDON  |
+--------+------------+----------+------------+------------+
|     10 | ACCOUNTING | NEW YORK | r50mpm     | 24/03/1989 |
|     20 | RESEARCH   | DALLAS   | a12recmpm  | 12/04/1989 |
|     30 | SALES      | CHICAGO  | sales@2017 | 13/04/1989 |
|     40 | OPERATIONS | BOSTON   | opr@123    | 12/07/1989 |
|     50 | HR         | PUNE     | PUN@8877   | 22/12/1989 |
+--------+------------+----------+------------+------------+
5 rows in set (0.00 sec)

mysql> delimiter $
mysql> select * from dept;
    -> $
+--------+------------+----------+------------+------------+
| DEPTNO | DNAME      | LOC      | PWD        | STARTEDON  |
+--------+------------+----------+------------+------------+
|     10 | ACCOUNTING | NEW YORK | r50mpm     | 24/03/1989 |
|     20 | RESEARCH   | DALLAS   | a12recmpm  | 12/04/1989 |
|     30 | SALES      | CHICAGO  | sales@2017 | 13/04/1989 |
|     40 | OPERATIONS | BOSTON   | opr@123    | 12/07/1989 |
|     50 | HR         | PUNE     | PUN@8877   | 22/12/1989 |
+--------+------------+----------+------------+------------+
5 rows in set (0.00 sec)

mysql> select * from dept$
+--------+------------+----------+------------+------------+
| DEPTNO | DNAME      | LOC      | PWD        | STARTEDON  |
+--------+------------+----------+------------+------------+
|     10 | ACCOUNTING | NEW YORK | r50mpm     | 24/03/1989 |
|     20 | RESEARCH   | DALLAS   | a12recmpm  | 12/04/1989 |
|     30 | SALES      | CHICAGO  | sales@2017 | 13/04/1989 |
|     40 | OPERATIONS | BOSTON   | opr@123    | 12/07/1989 |
|     50 | HR         | PUNE     | PUN@8877   | 22/12/1989 |
+--------+------------+----------+------------+------------+
5 rows in set (0.00 sec)

mysql> delimiter ;
mysql> select * from dept$
    -> ;
ERROR 1146 (42S02): Table 'r1.dept$' doesn't exist
mysql> select * from dept;
+--------+------------+----------+------------+------------+
| DEPTNO | DNAME      | LOC      | PWD        | STARTEDON  |
+--------+------------+----------+------------+------------+
|     10 | ACCOUNTING | NEW YORK | r50mpm     | 24/03/1989 |
|     20 | RESEARCH   | DALLAS   | a12recmpm  | 12/04/1989 |
|     30 | SALES      | CHICAGO  | sales@2017 | 13/04/1989 |
|     40 | OPERATIONS | BOSTON   | opr@123    | 12/07/1989 |
|     50 | HR         | PUNE     | PUN@8877   | 22/12/1989 |
+--------+------------+----------+------------+------------+
5 rows in set (0.00 sec)

mysql> source C:\dataFile\pl1.sql
Query OK, 0 rows affected (0.10 sec)

mysql> call pro1();
+-------------+
| Hello World |
+-------------+
| Hello World |
+-------------+
1 row in set (0.01 sec)

Query OK, 0 rows affected (0.02 sec)

mysql> call pro1();
+-------------+
| Hello World |
+-------------+
| Hello World |
+-------------+
1 row in set (0.01 sec)

Query OK, 0 rows affected (0.02 sec)

mysql> source C:\dataFile\pl1.sql
ERROR 1304 (42000): PROCEDURE pro1 already exists
mysql> source C:\dataFile\pl1.sql
Query OK, 0 rows affected (0.06 sec)

Query OK, 0 rows affected (0.03 sec)

mysql> call pro1();
+----------------+
| Message Window |
+----------------+
| Hello World    |
+----------------+
1 row in set (0.00 sec)

Query OK, 0 rows affected (0.00 sec)

mysql> source C:\dataFile\pl1.sql
Query OK, 0 rows affected (0.04 sec)

ERROR 1064 (42000): You have an error in your SQL syntax; check the manual that corresponds to your MySQL server version for the right syntax to use near '' at line 3
ERROR 1064 (42000): You have an error in your SQL syntax; check the manual that corresponds to your MySQL server version for the right syntax to use near 'end' at line 1
mysql> source C:\dataFile\pl1.sql
Query OK, 0 rows affected, 1 warning (0.03 sec)

Query OK, 0 rows affected (0.03 sec)

mysql> call pro1()$
+----------------+
| Message Window |
+----------------+
| Hello World    |
+----------------+
1 row in set (0.00 sec)

Query OK, 0 rows affected (0.00 sec)

mysql> source C:\dataFile\pl1.sql
Query OK, 0 rows affected (0.03 sec)

ERROR 1064 (42000): You have an error in your SQL syntax; check the manual that corresponds to your MySQL server version for the right syntax to use near 'delimiter' at line 1
Query OK, 0 rows affected (0.02 sec)

mysql> source C:\dataFile\pl1.sql
Query OK, 0 rows affected (0.03 sec)

ERROR 1064 (42000): You have an error in your SQL syntax; check the manual that corresponds to your MySQL server version for the right syntax to use near 'delimiter' at line 1
Query OK, 0 rows affected (0.02 sec)

mysql> source C:\dataFile\pl1.sql
Query OK, 0 rows affected (0.03 sec)

ERROR 1064 (42000): You have an error in your SQL syntax; check the manual that corresponds to your MySQL server version for the right syntax to use near 'delimiter' at line 1
Query OK, 0 rows affected (0.02 sec)

mysql> source C:\dataFile\pl1.sql
Query OK, 0 rows affected (0.05 sec)

ERROR 1064 (42000): You have an error in your SQL syntax; check the manual that corresponds to your MySQL server version for the right syntax to use near 'delimiter' at line 1
Query OK, 0 rows affected (0.02 sec)

mysql> select * from dept;
    -> ^C
mysql> source C:\dataFile\pl1.sql
Query OK, 0 rows affected (0.03 sec)

ERROR 1064 (42000): You have an error in your SQL syntax; check the manual that corresponds to your MySQL server version for the right syntax to use near 'delimiter' at line 1          Query OK, 0 rows affected (0.02 sec)                                      mysql> delimiter ;                   mysql> source C:\dataFile\pl1.sql    Query OK, 0 rows affected (0.03 sec)                                      Query OK, 0 rows affected (0.02 sec)                                      mysql> call pro1();
+--------------------+
| Message Window     |
+--------------------+
| Hello World 123456 |
+--------------------+
1 row in set (0.00 sec)

Query OK, 0 rows affected (0.00 sec)

mysql> source C:\dataFile\pl1.sql
Query OK, 0 rows affected (0.03 sec)

Query OK, 0 rows affected (0.02 sec)

ERROR 1064 (42000): You have an error in your SQL syntax; check the manual that corresponds to your MySQL server version for the right syntax to use near 'delimiter' at line 1
mysql> source C:\dataFile\pl1.sql
Query OK, 0 rows affected (0.05 sec)

ERROR 1064 (42000): You have an error in your SQL syntax; check the manual that corresponds to your MySQL server version for the right syntax to use near 'delimiter' at line 1
Query OK, 0 rows affected (0.03 sec)

mysql> source C:\dataFile\pl1.sql
Query OK, 0 rows affected (0.05 sec)

Query OK, 0 rows affected (0.02 sec)

mysql> call pro1();
+--------------------+
| Message Window     |
+--------------------+
| Hello World 123456 |
+--------------------+
1 row in set (0.00 sec)

Query OK, 0 rows affected (0.00 sec)

mysql> delimiter ;
mysql> source C:\dataFile\pl1.sql
Query OK, 0 rows affected, 1 warning (0.03 sec)

ERROR 1064 (42000): You have an error in your SQL syntax; check the manual that corresponds to your MySQL server version for the right syntax to use near 'declare z int;

  select x, y, z;
end' at line 8
mysql> source C:\dataFile\pl1.sql
Query OK, 0 rows affected, 1 warning (0.02 sec)

ERROR 1064 (42000): You have an error in your SQL syntax; check the manual that corresponds to your MySQL server version for the right syntax to use near ': =100;
  select x, y, z;
end' at line 7
mysql> source C:\dataFile\pl1.sql
Query OK, 0 rows affected, 1 warning (0.02 sec)

ERROR 1064 (42000): You have an error in your SQL syntax; check the manual that corresponds to your MySQL server version for the right syntax to use near ': =100;
  select x, y, z;
end' at line 7
mysql> source C:\dataFile\pl1.sql
Query OK, 0 rows affected, 1 warning (0.02 sec)

Query OK, 0 rows affected (0.04 sec)

mysql> call pro2();
+------+------+------+
| x    | y    | z    |
+------+------+------+
|   -1 |  100 | NULL |
+------+------+------+
1 row in set (0.01 sec)

Query OK, 0 rows affected (0.03 sec)

mysql> source C:\dataFile\pl1.sql
Query OK, 0 rows affected (0.03 sec)

ERROR 1064 (42000): You have an error in your SQL syntax; check the manual that corresponds to your MySQL server version for the right syntax to use near 'declare z int;


  select x, y, z;
end' at line 6
mysql> source C:\dataFile\pl1.sql
Query OK, 0 rows affected, 1 warning (0.02 sec)

Query OK, 0 rows affected (0.07 sec)

mysql> show warnings;
Empty set (0.00 sec)

mysql> show warnings;
Empty set (0.00 sec)

mysql> source C:\dataFile\pl1.sql
Query OK, 0 rows affected (0.06 sec)

Query OK, 0 rows affected (0.03 sec)

mysql> source C:\dataFile\pl1.sql
Query OK, 0 rows affected (0.04 sec)

Query OK, 0 rows affected (0.02 sec)

mysql> call pro2();
+------+------+------+
| x    | y    | z    |
+------+------+------+
|   -1 |  100 | NULL |
+------+------+------+
1 row in set (0.00 sec)

Query OK, 0 rows affected (0.00 sec)

mysql> source C:\dataFile\pl1.sql
Query OK, 0 rows affected (0.04 sec)

Query OK, 0 rows affected (0.02 sec)

mysql> call pro2();
+------+------+------+------+
| x    | y    | z    | @z1  |
+------+------+------+------+
|   -1 |  100 | NULL | 2000 |
+------+------+------+------+
1 row in set (0.00 sec)

Query OK, 0 rows affected (0.00 sec)

mysql> select @z1;
+------+
| @z1  |
+------+
| 2000 |
+------+
1 row in set (0.00 sec)

mysql> source C:\dataFile\pl1.sql
Query OK, 0 rows affected, 1 warning (0.02 sec)

Query OK, 0 rows affected (0.04 sec)

mysql> call pro3();
ERROR 1318 (42000): Incorrect number of arguments for PROCEDURE r1.pro3; expected 2, got 0
mysql> call pro3(10);
ERROR 1318 (42000): Incorrect number of arguments for PROCEDURE r1.pro3; expected 2, got 1
mysql> call pro3(10, 20);
+------+
| R1   |
+------+
|   30 |
+------+
1 row in set (0.00 sec)

Query OK, 0 rows affected (0.00 sec)

mysql> source C:\dataFile\pl1.sql
Query OK, 0 rows affected (0.05 sec)

Query OK, 0 rows affected (0.13 sec)

mysql> call pro3(1, 2);
+------+
| R1   |
+------+
|   22 |
+------+
1 row in set (0.00 sec)

Query OK, 0 rows affected (0.00 sec)

mysql> source C:\dataFile\pl1.sql
Query OK, 0 rows affected (0.04 sec)

Query OK, 0 rows affected (0.02 sec)

mysql> call pro3(10, 20);
ERROR 1318 (42000): Incorrect number of arguments for PROCEDURE r1.pro3; expected 3, got 2
mysql>
mysql>
mysql>
mysql> set @a := 0
    -> ;
Query OK, 0 rows affected (0.00 sec)

mysql> call pro3(10, 20, @a);
Query OK, 0 rows affected (0.00 sec)

mysql> select @a;
+------+
| @a   |
+------+
|   30 |
+------+
1 row in set (0.00 sec)

mysql> select * from dept;
+--------+------------+----------+------------+------------+
| DEPTNO | DNAME      | LOC      | PWD        | STARTEDON  |
+--------+------------+----------+------------+------------+
|     10 | ACCOUNTING | NEW YORK | r50mpm     | 24/03/1989 |
|     20 | RESEARCH   | DALLAS   | a12recmpm  | 12/04/1989 |
|     30 | SALES      | CHICAGO  | sales@2017 | 13/04/1989 |
|     40 | OPERATIONS | BOSTON   | opr@123    | 12/07/1989 |
|     50 | HR         | PUNE     | PUN@8877   | 22/12/1989 |
+--------+------------+----------+------------+------------+
5 rows in set (0.00 sec)

mysql> select * from dept;
+--------+------------+----------+------------+------------+
| DEPTNO | DNAME      | LOC      | PWD        | STARTEDON  |
+--------+------------+----------+------------+------------+
|     10 | ACCOUNTING | NEW YORK | r50mpm     | 24/03/1989 |
|     20 | RESEARCH   | DALLAS   | a12recmpm  | 12/04/1989 |
|     30 | SALES      | CHICAGO  | sales@2017 | 13/04/1989 |
|     40 | OPERATIONS | BOSTON   | opr@123    | 12/07/1989 |
|     50 | HR         | PUNE     | PUN@8877   | 22/12/1989 |
+--------+------------+----------+------------+------------+
5 rows in set (0.00 sec)

mysql> select * from dept;
+--------+------------+----------+------------+------------+
| DEPTNO | DNAME      | LOC      | PWD        | STARTEDON  |
+--------+------------+----------+------------+------------+
|     10 | ACCOUNTING | NEW YORK | r50mpm     | 24/03/1989 |
|     20 | RESEARCH   | DALLAS   | a12recmpm  | 12/04/1989 |
|     30 | SALES      | CHICAGO  | sales@2017 | 13/04/1989 |
|     40 | OPERATIONS | BOSTON   | opr@123    | 12/07/1989 |
|     50 | HR         | PUNE     | PUN@8877   | 22/12/1989 |
+--------+------------+----------+------------+------------+
mysql> select * from dept \g
+--------+------------+----------+------------+------------+
| DEPTNO | DNAME      | LOC      | PWD        | STARTEDON  |
+--------+------------+----------+------------+------------+
|     10 | ACCOUNTING | NEW YORK | r50mpm     | 24/03/1989 |
|     20 | RESEARCH   | DALLAS   | a12recmpm  | 12/04/1989 |
|     30 | SALES      | CHICAGO  | sales@2017 | 13/04/1989 |
|     40 | OPERATIONS | BOSTON   | opr@123    | 12/07/1989 |
|     50 | HR         | PUNE     | PUN@8877   | 22/12/1989 |
+--------+------------+----------+------------+------------+
5 rows in set (0.00 sec)

mysql> select * from dept \G
*************************** 1. row ***************************
   DEPTNO: 10
    DNAME: ACCOUNTING
      LOC: NEW YORK
      PWD: r50mpm
STARTEDON: 24/03/1989
*************************** 2. row ***************************
   DEPTNO: 20
    DNAME: RESEARCH
      LOC: DALLAS
      PWD: a12recmpm
STARTEDON: 12/04/1989
*************************** 3. row ***************************
   DEPTNO: 30
    DNAME: SALES
      LOC: CHICAGO
      PWD: sales@2017
STARTEDON: 13/04/1989
*************************** 4. row ***************************
   DEPTNO: 40
    DNAME: OPERATIONS
      LOC: BOSTON
      PWD: opr@123
STARTEDON: 12/07/1989
*************************** 5. row ***************************
   DEPTNO: 50
    DNAME: HR
      LOC: PUNE
      PWD: PUN@8877
STARTEDON: 22/12/1989
5 rows in set (0.00 sec)

mysql> source C:\dataFile\pl1.sql
Query OK, 0 rows affected, 1 warning (0.03 sec)

Query OK, 0 rows affected (0.06 sec)

mysql> call pro4();
Query OK, 0 rows affected (0.42 sec)

mysql> desc abc;
+-------+-------------+------+-----+---------+-------+
| Field | Type        | Null | Key | Default | Extra |
+-------+-------------+------+-----+---------+-------+
| id    | int         | YES  |     | NULL    |       |
| ename | varchar(20) | YES  |     | NULL    |       |
+-------+-------------+------+-----+---------+-------+
2 rows in set (0.00 sec)

mysql> source C:\dataFile\pl1.sql
Query OK, 0 rows affected (0.04 sec)

Query OK, 0 rows affected (0.02 sec)

mysql> call pro4();
Empty set (0.00 sec)

Query OK, 0 rows affected (0.00 sec)

mysql> drop table abc;
Query OK, 0 rows affected (0.12 sec)

mysql> call pro4();
ERROR 1146 (42S02): Table 'r1.abc' doesn't exist
mysql> drop table abc;
ERROR 1051 (42S02): Unknown table 'r1.abc'
+------+
| x    |
+------+
|    0 |
+------+
1 row in set (28.21 sec)

+------+
| x    |
+------+
|    0 |
+------+
1 row in set (28.21 sec)

+------+
| x    |
+------+
|    0 |
+------+
1 row in set (28.21 sec)

+------+
| x    |
+------+
|    0 |
+------+
1 row in set (28.21 sec)

+------+
| x    |
+------+
|    0 |
+------+
1 row in set (28.21 sec)

+------+
| x    |
+------+
|    0 |
+------+
1 row in set (28.21 sec)

+------+
| x    |
+------+
|    0 |
+------+
1 row in set (28.21 sec)

+------+
| x    |
+------+
|    0 |
+------+
1 row in set (28.21 sec)

+------+
| x    |
+------+
|    0 |
+------+
1 row in set (28.21 sec)

+------+
| x    |
+------+
|    0 |
+------+
1 row in set (28.21 sec)

+------+
| x    |
+------+
|    0 |
+------+
1 row in set (28.21 sec)

+------+
| x    |
+------+
|    0 |
+------+
1 row in set (28.21 sec)

+------+
| x    |
+------+
|    0 |
+------+
1 row in set (28.22 sec)

+------+
| x    |
+------+
|    0 |
+------+
1 row in set (28.22 sec)

+------+
| x    |
+------+
|    0 |
+------+
1 row in set (28.22 sec)

+------+
| x    |
+------+
|    0 |
+------+
1 row in set (28.22 sec)

+------+
| x    |
+------+
|    0 |
+------+
1 row in set (28.22 sec)

+------+
| x    |
+------+
|    0 |
+------+
1 row in set (28.22 sec)

+------+
| x    |
+------+
|    0 |
+------+
1 row in set (28.22 sec)

+------+
| x    |
+------+
|    0 |
+------+
1 row in set (28.22 sec)

+------+
| x    |
+------+
|    0 |
+------+
1 row in set (28.22 sec)

+------+
| x    |
+------+
|    0 |
+------+
1 row in set (28.22 sec)

+------+
| x    |
+------+
|    0 |
+------+
1 row in set (28.22 sec)

+------+
| x    |
+------+
|    0 |
+------+
1 row in set (28.22 sec)

+------+
| x    |
+------+
|    0 |
+------+
1 row in set (28.23 sec)

+------+
| x    |
+------+
|    0 |
+------+
1 row in set (28.23 sec)

+------+
| x    |
+------+
|    0 |
+------+
1 row in set (28.23 sec)

+------+
| x    |
+------+
|    0 |
+------+
1 row in set (28.23 sec)

+------+
| x    |
+------+
|    0 |
+------+
1 row in set (28.23 sec)

+------+
| x    |
+------+
|    0 |
+------+
1 row in set (28.23 sec)

+------+
| x    |
+------+
|    0 |
+------+
1 row in set (28.23 sec)

+------+
| x    |
+------+
|    0 |
+------+
1 row in set (28.23 sec)

+------+
| x    |
+------+
|    0 |
+------+
1 row in set (28.23 sec)

+------+
| x    |
+------+
|    0 |
+------+
1 row in set (28.23 sec)

+------+
| x    |
+------+
|    0 |
+------+
1 row in set (28.23 sec)

+------+
| x    |
+------+
|    0 |
+------+
1 row in set (28.23 sec)

+------+
| x    |
+------+
|    0 |
+------+
1 row in set (28.23 sec)

+------+
| x    |
+------+
|    0 |
+------+
1 row in set (28.23 sec)

+------+
| x    |
+------+
|    0 |
+------+
1 row in set (28.23 sec)

+------+
| x    |
+------+
|    0 |
+------+
1 row in set (28.23 sec)

+------+
| x    |
+------+
|    0 |
+------+
1 row in set (28.23 sec)

+------+
| x    |
+------+
|    0 |
+------+
1 row in set (28.23 sec)

+------+
| x    |
+------+
|    0 |
+------+
1 row in set (28.23 sec)

+------+
| x    |
+------+
|    0 |
+------+
1 row in set (28.23 sec)

+------+
| x    |
+------+
|    0 |
+------+
1 row in set (28.23 sec)

+------+
| x    |
+------+
|    0 |
+------+
1 row in set (28.23 sec)

+------+
| x    |
+------+
|    0 |
+------+
1 row in set (28.24 sec)

+------+
| x    |
+------+
|    0 |
+------+
1 row in set (28.24 sec)

+------+
| x    |
+------+
|    0 |
+------+
1 row in set (28.24 sec)

+------+
| x    |
+------+
|    0 |
+------+
1 row in set (28.24 sec)

+------+
| x    |
+------+
|    0 |
+------+
1 row in set (28.24 sec)

+------+
| x    |
+------+
|    0 |
+------+
1 row in set (28.24 sec)

+------+
| x    |
+------+
|    0 |
+------+
1 row in set (28.24 sec)

+------+
| x    |
+------+
|    0 |
+------+
1 row in set (28.24 sec)

+------+
| x    |
+------+
|    0 |
+------+
1 row in set (28.24 sec)

+------+
| x    |
+------+
|    0 |
+------+
1 row in set (28.24 sec)

+------+
| x    |
+------+
|    0 |
+------+
1 row in set (28.24 sec)

+------+
| x    |
+------+
|    0 |
+------+
1 row in set (28.24 sec)

+------+
| x    |
+------+
|    0 |
+------+
1 row in set (28.24 sec)

+------+
| x    |
+------+
|    0 |
+------+
1 row in set (28.24 sec)

+------+
| x    |
+------+
|    0 |
+------+
1 row in set (28.24 sec)

+------+
| x    |
+------+
|    0 |
+------+
1 row in set (28.25 sec)

+------+
| x    |
+------+
|    0 |
+------+
1 row in set (28.25 sec)

+------+
| x    |
+------+
|    0 |
+------+
1 row in set (28.25 sec)

+------+
| x    |
+------+
|    0 |
+------+
1 row in set (28.25 sec)

+------+
| x    |
+------+
|    0 |
+------+
1 row in set (28.25 sec)

+------+
| x    |
+------+
|    0 |
+------+
1 row in set (28.25 sec)

+------+
| x    |
+------+
|    0 |
+------+
1 row in set (28.25 sec)

+------+
| x    |
+------+
|    0 |
+------+
1 row in set (28.25 sec)

+------+
| x    |
+------+
|    0 |
+------+
1 row in set (28.25 sec)

+------+
| x    |
+------+
|    0 |
+------+
1 row in set (28.25 sec)

+------+
| x    |
+------+
|    0 |
+------+
1 row in set (28.25 sec)

+------+
| x    |
+------+
|    0 |
+------+
1 row in set (28.25 sec)

+------+
| x    |
+------+
|    0 |
+------+
1 row in set (28.25 sec)

+------+
| x    |
+------+
|    0 |
+------+
1 row in set (28.25 sec)

+------+
| x    |
+------+
|    0 |
+------+
1 row in set (28.25 sec)

+------+
| x    |
+------+
|    0 |
+------+
1 row in set (28.25 sec)

+------+
| x    |
+------+
|    0 |
+------+
1 row in set (28.25 sec)

+------+
| x    |
+------+
|    0 |
+------+
1 row in set (28.25 sec)

+------+
| x    |
+------+
|    0 |
+------+
1 row in set (28.26 sec)

+------+
| x    |
+------+
|    0 |
+------+
1 row in set (28.26 sec)

+------+
| x    |
+------+
|    0 |
+------+
1 row in set (28.26 sec)

+------+
| x    |
+------+
|    0 |
+------+
1 row in set (28.26 sec)

+------+
| x    |
+------+
|    0 |
+------+
1 row in set (28.26 sec)

+------+
| x    |
+------+
|    0 |
+------+
1 row in set (28.26 sec)

+------+
| x    |
+------+
|    0 |
+------+
1 row in set (28.26 sec)

+------+
| x    |
+------+
|    0 |
+------+
1 row in set (28.26 sec)

+------+
| x    |
+------+
|    0 |
+------+
1 row in set (28.26 sec)

+------+
| x    |
+------+
|    0 |
+------+
1 row in set (28.26 sec)

+------+
| x    |
+------+
|    0 |
+------+
1 row in set (28.26 sec)

+------+
| x    |
+------+
|    0 |
+------+
1 row in set (28.26 sec)

+------+
| x    |
+------+
|    0 |
+------+
1 row in set (28.26 sec)

+------+
| x    |
+------+
|    0 |
+------+
1 row in set (28.26 sec)

+------+
| x    |
+------+
|    0 |
+------+
1 row in set (28.26 sec)

+------+
| x    |
+------+
|    0 |
+------+
1 row in set (28.26 sec)

+------+
| x    |
+------+
|    0 |
+------+
1 row in set (28.26 sec)

+------+
| x    |
+------+
|    0 |
+------+
1 row in set (28.27 sec)

+------+
| x    |
+------+
|    0 |
+------+
1 row in set (28.27 sec)

+------+
| x    |
+------+
|    0 |
+------+
1 row in set (28.27 sec)

+------+
| x    |
+------+
|    0 |
+------+
1 row in set (28.27 sec)

+------+
| x    |
+------+
|    0 |
+------+
1 row in set (28.27 sec)

+------+
| x    |
+------+
|    0 |
+------+
1 row in set (28.27 sec)

+------+
| x    |
+------+
|    0 |
+------+
1 row in set (28.27 sec)

+------+
| x    |
+------+
|    0 |
+------+
1 row in set (28.27 sec)

+------+
| x    |
+------+
|    0 |
+------+
1 row in set (28.27 sec)

+------+
| x    |
+------+
|    0 |
+------+
1 row in set (28.27 sec)

+------+
| x    |
+------+
|    0 |
+------+
1 row in set (28.27 sec)

+------+
| x    |
+------+
|    0 |
+------+
1 row in set (28.27 sec)

+------+
| x    |
+------+
|    0 |
+------+
1 row in set (28.27 sec)

+------+
| x    |
+------+
|    0 |
+------+
1 row in set (28.27 sec)

+------+
| x    |
+------+
|    0 |
+------+
1 row in set (28.27 sec)

+------+
| x    |
+------+
|    0 |
+------+
1 row in set (28.27 sec)

+------+
| x    |
+------+
|    0 |
+------+
1 row in set (28.27 sec)

+------+
| x    |
+------+
|    0 |
+------+
1 row in set (28.27 sec)

+------+
| x    |
+------+
|    0 |
+------+
1 row in set (28.28 sec)

+------+
| x    |
+------+
|    0 |
+------+
1 row in set (28.28 sec)

+------+
| x    |
+------+
|    0 |
+------+
1 row in set (28.28 sec)

+------+
| x    |
+------+
|    0 |
+------+
1 row in set (28.28 sec)

+------+
| x    |
+------+
|    0 |
+------+
1 row in set (28.28 sec)

+------+
| x    |
+------+
|    0 |
+------+
1 row in set (28.28 sec)

+------+
| x    |
+------+
|    0 |
+------+
1 row in set (28.28 sec)

+------+
| x    |
+------+
|    0 |
+------+
1 row in set (28.28 sec)

+------+
| x    |
+------+
|    0 |
+------+
1 row in set (28.28 sec)

+------+
| x    |
+------+
|    0 |
+------+
1 row in set (28.28 sec)

+------+
| x    |
+------+
|    0 |
+------+
1 row in set (28.28 sec)

+------+
| x    |
+------+
|    0 |
+------+
1 row in set (28.28 sec)

+------+
| x    |
+------+
|    0 |
+------+
1 row in set (28.28 sec)

+------+
| x    |
+------+
|    0 |
+------+
1 row in set (28.28 sec)

+------+
| x    |
+------+
|    0 |
+------+
1 row in set (28.28 sec)

+------+
| x    |
+------+
|    0 |
+------+
1 row in set (28.28 sec)

+------+
| x    |
+------+
|    0 |
+------+
1 row in set (28.28 sec)

+------+
| x    |
+------+
|    0 |
+------+
1 row in set (28.29 sec)

+------+
| x    |
+------+
|    0 |
+------+
1 row in set (28.29 sec)

+------+
| x    |
+------+
|    0 |
+------+
1 row in set (28.29 sec)

+------+
| x    |
+------+
|    0 |
+------+
1 row in set (28.29 sec)

+------+
| x    |
+------+
|    0 |
+------+
1 row in set (28.29 sec)

+------+
| x    |
+------+
|    0 |
+------+
1 row in set (28.29 sec)

+------+
| x    |
+------+
|    0 |
+------+
1 row in set (28.29 sec)

+------+
| x    |
+------+
|    0 |
+------+
1 row in set (28.29 sec)

+------+
| x    |
+------+
|    0 |
+------+
1 row in set (28.29 sec)

+------+
| x    |
+------+
|    0 |
+------+
1 row in set (28.29 sec)

+------+
| x    |
+------+
|    0 |
+------+
1 row in set (28.29 sec)

+------+
| x    |
+------+
|    0 |
+------+
1 row in set (28.29 sec)

+------+
| x    |
+------+
|    0 |
+------+
1 row in set (28.29 sec)

+------+
| x    |
+------+
|    0 |
+------+
1 row in set (28.29 sec)

+------+
| x    |
+------+
|    0 |
+------+
1 row in set (28.29 sec)

+------+
| x    |
+------+
|    0 |
+------+
1 row in set (28.29 sec)

+------+
| x    |
+------+
|    0 |
+------+
1 row in set (28.29 sec)

+------+
| x    |
+------+
|    0 |
+------+
1 row in set (28.30 sec)

+------+
| x    |
+------+
|    0 |
+------+
1 row in set (28.30 sec)

+------+
| x    |
+------+
|    0 |
+------+
1 row in set (28.30 sec)

+------+
| x    |
+------+
|    0 |
+------+
1 row in set (28.30 sec)

+------+
| x    |
+------+
|    0 |
+------+
1 row in set (28.30 sec)

+------+
| x    |
+------+
|    0 |
+------+
1 row in set (28.30 sec)

+------+
| x    |
+------+
|    0 |
+------+
1 row in set (28.30 sec)

+------+
| x    |
+------+
|    0 |
+------+
1 row in set (28.30 sec)

+------+
| x    |
+------+
|    0 |
+------+
1 row in set (28.30 sec)

+------+
| x    |
+------+
|    0 |
+------+
1 row in set (28.30 sec)

+------+
| x    |
+------+
|    0 |
+------+
1 row in set (28.30 sec)

+------+
| x    |
+------+
|    0 |
+------+
1 row in set (28.30 sec)

+------+
| x    |
+------+
|    0 |
+------+
1 row in set (28.30 sec)

+------+
| x    |
+------+
|    0 |
+------+
1 row in set (28.30 sec)

+------+
| x    |
+------+
|    0 |
+------+
1 row in set (28.30 sec)

+------+
| x    |
+------+
|    0 |
+------+
1 row in set (28.30 sec)

+------+
| x    |
+------+
|    0 |
+------+
1 row in set (28.30 sec)

+------+
| x    |
+------+
|    0 |
+------+
1 row in set (28.30 sec)

+------+
| x    |
+------+
|    0 |
+------+
1 row in set (28.31 sec)

+------+
| x    |
+------+
|    0 |
+------+
1 row in set (28.31 sec)

+------+
| x    |
+------+
|    0 |
+------+
1 row in set (28.31 sec)

+------+
| x    |
+------+
|    0 |
+------+
1 row in set (28.31 sec)

+------+
| x    |
+------+
|    0 |
+------+
1 row in set (28.31 sec)

+------+
| x    |
+------+
|    0 |
+------+
1 row in set (28.31 sec)

+------+
| x    |
+------+
|    0 |
+------+
1 row in set (28.31 sec)

+------+
| x    |
+------+
|    0 |
+------+
1 row in set (28.31 sec)

+------+
| x    |
+------+
|    0 |
+------+
1 row in set (28.31 sec)

+------+
| x    |
+------+
|    0 |
+------+
1 row in set (28.31 sec)

+------+
| x    |
+------+
|    0 |
+------+
1 row in set (28.31 sec)

+------+
| x    |
+------+
|    0 |
+------+
1 row in set (28.31 sec)

+------+
| x    |
+------+
|    0 |
+------+
1 row in set (28.31 sec)

+------+
| x    |
+------+
|    0 |
+------+
1 row in set (28.31 sec)

+------+
| x    |
+------+
|    0 |
+------+
1 row in set (28.31 sec)

+------+
| x    |
+------+
|    0 |
+------+
1 row in set (28.31 sec)

+------+
| x    |
+------+
|    0 |
+------+
1 row in set (28.31 sec)

+------+
| x    |
+------+
|    0 |
+------+
1 row in set (28.32 sec)

+------+
| x    |
+------+
|    0 |
+------+
1 row in set (28.32 sec)

+------+
| x    |
+------+
|    0 |
+------+
1 row in set (28.32 sec)

+------+
| x    |
+------+
|    0 |
+------+
1 row in set (28.32 sec)

+------+
| x    |
+------+
|    0 |
+------+
1 row in set (28.32 sec)

+------+
| x    |
+------+
|    0 |
+------+
1 row in set (28.32 sec)

+------+
| x    |
+------+
|    0 |
+------+
1 row in set (28.32 sec)

+------+
| x    |
+------+
|    0 |
+------+
1 row in set (28.32 sec)

+------+
| x    |
+------+
|    0 |
+------+
1 row in set (28.32 sec)

+------+
| x    |
+------+
|    0 |
+------+
1 row in set (28.32 sec)

+------+
| x    |
+------+
|    0 |
+------+
1 row in set (28.32 sec)

+------+
| x    |
+------+
|    0 |
+------+
1 row in set (28.32 sec)

+------+
| x    |
+------+
|    0 |
+------+
1 row in set (28.32 sec)

+------+
| x    |
+------+
|    0 |
+------+
1 row in set (28.32 sec)

+------+
| x    |
+------+
|    0 |
+------+
1 row in set (28.32 sec)

+------+
| x    |
+------+
|    0 |
+------+
1 row in set (28.32 sec)

+------+
| x    |
+------+
|    0 |
+------+
1 row in set (28.32 sec)

+------+
| x    |
+------+
|    0 |
+------+
1 row in set (28.32 sec)

+------+
| x    |
+------+
|    0 |
+------+
1 row in set (28.32 sec)

+------+
| x    |
+------+
|    0 |
+------+
1 row in set (28.33 sec)

+------+
| x    |
+------+
|    0 |
+------+
1 row in set (28.33 sec)

+------+
| x    |
+------+
|    0 |
+------+
1 row in set (28.33 sec)

+------+
| x    |
+------+
|    0 |
+------+
1 row in set (28.33 sec)

+------+
| x    |
+------+
|    0 |
+------+
1 row in set (28.33 sec)

+------+
| x    |
+------+
|    0 |
+------+
1 row in set (28.33 sec)

+------+
| x    |
+------+
|    0 |
+------+
1 row in set (28.33 sec)

+------+
| x    |
+------+
|    0 |
+------+
1 row in set (28.33 sec)

+------+
| x    |
+------+
|    0 |
+------+
1 row in set (28.33 sec)

+------+
| x    |
+------+
|    0 |
+------+
1 row in set (28.33 sec)

+------+
| x    |
+------+
|    0 |
+------+
1 row in set (28.33 sec)

+------+
| x    |
+------+
|    0 |
+------+
1 row in set (28.33 sec)

+------+
| x    |
+------+
|    0 |
+------+
1 row in set (28.33 sec)

+------+
| x    |
+------+
|    0 |
+------+
1 row in set (28.33 sec)

+------+
| x    |
+------+
|    0 |
+------+
1 row in set (28.33 sec)

+------+
| x    |
+------+
|    0 |
+------+
1 row in set (28.34 sec)

+------+
| x    |
+------+
|    0 |
+------+
1 row in set (28.34 sec)

+------+
| x    |
+------+
|    0 |
+------+
1 row in set (28.34 sec)

+------+
| x    |
+------+
|    0 |
+------+
1 row in set (28.34 sec)

+------+
| x    |
+------+
|    0 |
+------+
1 row in set (28.34 sec)

+------+
| x    |
+------+
|    0 |
+------+
1 row in set (28.34 sec)

+------+
| x    |
+------+
|    0 |
+------+
1 row in set (28.34 sec)

+------+
| x    |
+------+
|    0 |
+------+
1 row in set (28.34 sec)

+------+
| x    |
+------+
|    0 |
+------+
1 row in set (28.34 sec)

+------+
| x    |
+------+
|    0 |
+------+
1 row in set (28.34 sec)

+------+
| x    |
+------+
|    0 |
+------+
1 row in set (28.34 sec)

+------+
| x    |
+------+
|    0 |
+------+
1 row in set (28.34 sec)

+------+
| x    |
+------+
|    0 |
+------+
1 row in set (28.34 sec)

+------+
| x    |
+------+
|    0 |
+------+
1 row in set (28.34 sec)

+------+
| x    |
+------+
|    0 |
+------+
1 row in set (28.34 sec)

+------+
| x    |
+------+
|    0 |
+------+
1 row in set (28.34 sec)

+------+
| x    |
+------+
|    0 |
+------+
1 row in set (28.34 sec)

+------+
| x    |
+------+
|    0 |
+------+
1 row in set (28.34 sec)

+------+
| x    |
+------+
|    0 |
+------+
1 row in set (28.34 sec)

+------+
| x    |
+------+
|    0 |
+------+
1 row in set (28.34 sec)

+------+
| x    |
+------+
|    0 |
+------+
1 row in set (28.34 sec)

+------+
| x    |
+------+
|    0 |
+------+
1 row in set (28.34 sec)

+------+
| x    |
+------+
|    0 |
+------+
1 row in set (28.35 sec)

+------+
| x    |
+------+
|    0 |
+------+
1 row in set (28.35 sec)

+------+
| x    |
+------+
|    0 |
+------+
1 row in set (28.35 sec)

+------+
| x    |
+------+
|    0 |
+------+
1 row in set (28.35 sec)

+------+
| x    |
+------+
|    0 |
+------+
1 row in set (28.35 sec)

+------+
| x    |
+------+
|    0 |
+------+
1 row in set (28.35 sec)

+------+
| x    |
+------+
|    0 |
+------+
1 row in set (28.35 sec)

+------+
| x    |
+------+
|    0 |
+------+
1 row in set (28.35 sec)

+------+
| x    |
+------+
|    0 |
+------+
1 row in set (28.35 sec)

+------+
| x    |
+------+
|    0 |
+------+
1 row in set (28.35 sec)

+------+
| x    |
+------+
|    0 |
+------+
1 row in set (28.35 sec)

+------+
| x    |
+------+
|    0 |
+------+
1 row in set (28.35 sec)

+------+
| x    |
+------+
|    0 |
+------+
1 row in set (28.35 sec)

+------+
| x    |
+------+
|    0 |
+------+
1 row in set (28.35 sec)

+------+
| x    |
+------+
|    0 |
+------+
1 row in set (28.36 sec)

+------+
| x    |
+------+
|    0 |
+------+
1 row in set (28.36 sec)

+------+
| x    |
+------+
|    0 |
+------+
1 row in set (28.36 sec)

+------+
| x    |
+------+
|    0 |
+------+
1 row in set (28.36 sec)

+------+
| x    |
+------+
|    0 |
+------+
1 row in set (28.36 sec)

+------+
| x    |
+------+
|    0 |
+------+
1 row in set (28.36 sec)

+------+
| x    |
+------+
|    0 |
+------+
1 row in set (28.36 sec)

+------+
| x    |
+------+
|    0 |
+------+
1 row in set (28.36 sec)

+------+
| x    |
+------+
|    0 |
+------+
1 row in set (28.36 sec)

+------+
| x    |
+------+
|    0 |
+------+
1 row in set (28.36 sec)

+------+
| x    |
+------+
|    0 |
+------+
1 row in set (28.36 sec)

+------+
| x    |
+------+
|    0 |
+------+
1 row in set (28.36 sec)

+------+
| x    |
+------+
|    0 |
+------+
1 row in set (28.36 sec)

+------+
| x    |
+------+
|    0 |
+------+
1 row in set (28.36 sec)

+------+
| x    |
+------+
|    0 |
+------+
1 row in set (28.36 sec)

+------+
| x    |
+------+
|    0 |
+------+
1 row in set (28.36 sec)

+------+
| x    |
+------+
|    0 |
+------+
1 row in set (28.36 sec)

+------+
| x    |
+------+
|    0 |
+------+
1 row in set (28.36 sec)

+------+
| x    |
+------+
|    0 |
+------+
1 row in set (28.37 sec)

+------+
| x    |
+------+
|    0 |
+------+
1 row in set (28.37 sec)

+------+
| x    |
+------+
|    0 |
+------+
1 row in set (28.37 sec)

+------+
| x    |
+------+
|    0 |
+------+
1 row in set (28.37 sec)

+------+
| x    |
+------+
|    0 |
+------+
1 row in set (28.37 sec)

+------+
| x    |
+------+
|    0 |
+------+
1 row in set (28.37 sec)

+------+
| x    |
+------+
|    0 |
+------+
1 row in set (28.37 sec)

+------+
| x    |
+------+
|    0 |
+------+
1 row in set (28.37 sec)

+------+
| x    |
+------+
|    0 |
+------+
1 row in set (28.37 sec)

+------+
| x    |
+------+
|    0 |
+------+
1 row in set (28.37 sec)

+------+
| x    |
+------+
|    0 |
+------+
1 row in set (28.37 sec)

+------+
| x    |
+------+
|    0 |
+------+
1 row in set (28.37 sec)

+------+
| x    |
+------+
|    0 |
+------+
1 row in set (28.38 sec)

+------+
| x    |
+------+
|    0 |
+------+
1 row in set (28.38 sec)

+------+
| x    |
+------+
|    0 |
+------+
1 row in set (28.38 sec)

+------+
| x    |
+------+
|    0 |
+------+
1 row in set (28.38 sec)

+------+
| x    |
+------+
|    0 |
+------+
1 row in set (28.38 sec)

+------+
| x    |
+------+
|    0 |
+------+
1 row in set (28.38 sec)

+------+
| x    |
+------+
|    0 |
+------+
1 row in set (28.38 sec)

+------+
| x    |
+------+
|    0 |
+------+
1 row in set (28.38 sec)

+------+
| x    |
+------+
|    0 |
+------+
1 row in set (28.38 sec)

+------+
| x    |
+------+
|    0 |
+------+
1 row in set (28.38 sec)

+------+
| x    |
+------+
|    0 |
+------+
1 row in set (28.38 sec)

+------+
| x    |
+------+
|    0 |
+------+
1 row in set (28.38 sec)

+------+
| x    |
+------+
|    0 |
+------+
1 row in set (28.38 sec)

+------+
| x    |
+------+
|    0 |
+------+
1 row in set (28.38 sec)

+------+
| x    |
+------+
|    0 |
+------+
1 row in set (28.38 sec)

+------+
| x    |
+------+
|    0 |
+------+
1 row in set (28.39 sec)

+------+
| x    |
+------+
|    0 |
+------+
1 row in set (28.39 sec)

+------+
| x    |
+------+
|    0 |
+------+
1 row in set (28.39 sec)

+------+
| x    |
+------+
|    0 |
+------+
1 row in set (28.39 sec)

+------+
| x    |
+------+
|    0 |
+------+
1 row in set (28.39 sec)

+------+
| x    |
+------+
|    0 |
+------+
1 row in set (28.39 sec)

+------+
| x    |
+------+
|    0 |
+------+
1 row in set (28.39 sec)

+------+
| x    |
+------+
|    0 |
+------+
1 row in set (28.39 sec)

+------+
| x    |
+------+
|    0 |
+------+
1 row in set (28.39 sec)

+------+
| x    |
+------+
|    0 |
+------+
1 row in set (28.39 sec)

+------+
| x    |
+------+
|    0 |
+------+
1 row in set (28.39 sec)

+------+
| x    |
+------+
|    0 |
+------+
1 row in set (28.39 sec)

+------+
| x    |
+------+
|    0 |
+------+
1 row in set (28.39 sec)

+------+
| x    |
+------+
|    0 |
+------+
1 row in set (28.39 sec)

+------+
| x    |
+------+
|    0 |
+------+
1 row in set (28.39 sec)

+------+
| x    |
+------+
|    0 |
+------+
1 row in set (28.39 sec)

+------+
| x    |
+------+
|    0 |
+------+
1 row in set (28.39 sec)

+------+
| x    |
+------+
|    0 |
+------+
1 row in set (28.39 sec)

+------+
| x    |
+------+
|    0 |
+------+
1 row in set (28.39 sec)

+------+
| x    |
+------+
|    0 |
+------+
1 row in set (28.39 sec)

+------+
| x    |
+------+
|    0 |
+------+
1 row in set (28.40 sec)

+------+
| x    |
+------+
|    0 |
+------+
1 row in set (28.40 sec)

+------+
| x    |
+------+
|    0 |
+------+
1 row in set (28.40 sec)

+------+
| x    |
+------+
|    0 |
+------+
1 row in set (28.40 sec)

+------+
| x    |
+------+
|    0 |
+------+
1 row in set (28.40 sec)

+------+
| x    |
+------+
|    0 |
+------+
1 row in set (28.40 sec)

+------+
| x    |
+------+
|    0 |
+------+
1 row in set (28.40 sec)

+------+
| x    |
+------+
|    0 |
+------+
1 row in set (28.40 sec)

+------+
| x    |
+------+
|    0 |
+------+
1 row in set (28.40 sec)

+------+
| x    |
+------+
|    0 |
+------+
1 row in set (28.40 sec)

+------+
| x    |
+------+
|    0 |
+------+
1 row in set (28.40 sec)

+------+
| x    |
+------+
|    0 |
+------+
1 row in set (28.40 sec)

+------+
| x    |
+------+
|    0 |
+------+
1 row in set (28.40 sec)

+------+
| x    |
+------+
|    0 |
+------+
1 row in set (28.40 sec)

+------+
| x    |
+------+
|    0 |
+------+
1 row in set (28.40 sec)

+------+
| x    |
+------+
|    0 |
+------+
1 row in set (28.40 sec)

+------+
| x    |
+------+
|    0 |
+------+
1 row in set (28.40 sec)

+------+
| x    |
+------+
|    0 |
+------+
1 row in set (28.41 sec)

+------+
| x    |
+------+
|    0 |
+------+
1 row in set (28.41 sec)

+------+
| x    |
+------+
|    0 |
+------+
1 row in set (28.41 sec)

+------+
| x    |
+------+
|    0 |
+------+
1 row in set (28.41 sec)

+------+
| x    |
+------+
|    0 |
+------+
1 row in set (28.41 sec)

+------+
| x    |
+------+
|    0 |
+------+
1 row in set (28.41 sec)

+------+
| x    |
+------+
|    0 |
+------+
1 row in set (28.41 sec)

+------+
| x    |
+------+
|    0 |
+------+
1 row in set (28.41 sec)

+------+
| x    |
+------+
|    0 |
+------+
1 row in set (28.41 sec)

+------+
| x    |
+------+
|    0 |
+------+
1 row in set (28.41 sec)

+------+
| x    |
+------+
|    0 |
+------+
1 row in set (28.41 sec)

+------+
| x    |
+------+
|    0 |
+------+
1 row in set (28.41 sec)

+------+
| x    |
+------+
|    0 |
+------+
1 row in set (28.41 sec)

+------+
| x    |
+------+
|    0 |
+------+
1 row in set (28.41 sec)

+------+
| x    |
+------+
|    0 |
+------+
1 row in set (28.41 sec)

+------+
| x    |
+------+
|    0 |
+------+
1 row in set (28.41 sec)

+------+
| x    |
+------+
|    0 |
+------+
1 row in set (28.41 sec)

+------+
| x    |
+------+
|    0 |
+------+
1 row in set (28.42 sec)

+------+
| x    |
+------+
|    0 |
+------+
1 row in set (28.42 sec)

+------+
| x    |
+------+
|    0 |
+------+
1 row in set (28.42 sec)

+------+
| x    |
+------+
|    0 |
+------+
1 row in set (28.42 sec)

+------+
| x    |
+------+
|    0 |
+------+
1 row in set (28.42 sec)

+------+
| x    |
+------+
|    0 |
+------+
1 row in set (28.42 sec)

+------+
| x    |
+------+
|    0 |
+------+
1 row in set (28.42 sec)

+------+
| x    |
+------+
|    0 |
+------+
1 row in set (28.42 sec)

+------+
| x    |
+------+
|    0 |
+------+
1 row in set (28.42 sec)

+------+
| x    |
+------+
|    0 |
+------+
1 row in set (28.42 sec)

+------+
| x    |
+------+
|    0 |
+------+
1 row in set (28.42 sec)

+------+
| x    |
+------+
|    0 |
+------+
1 row in set (28.42 sec)

+------+
| x    |
+------+
|    0 |
+------+
1 row in set (28.42 sec)

+------+
| x    |
+------+
|    0 |
+------+
1 row in set (28.42 sec)

+------+
| x    |
+------+
|    0 |
+------+
1 row in set (28.42 sec)

+------+
| x    |
+------+
|    0 |
+------+
1 row in set (28.42 sec)

+------+
| x    |
+------+
|    0 |
+------+
1 row in set (28.43 sec)

+------+
| x    |
+------+
|    0 |
+------+
1 row in set (28.43 sec)

+------+
| x    |
+------+
|    0 |
+------+
1 row in set (28.43 sec)

+------+
| x    |
+------+
|    0 |
+------+
1 row in set (28.43 sec)

+------+
| x    |
+------+
|    0 |
+------+
1 row in set (28.43 sec)

+------+
| x    |
+------+
|    0 |
+------+
1 row in set (28.43 sec)

+------+
| x    |
+------+
|    0 |
+------+
1 row in set (28.43 sec)

+------+
| x    |
+------+
|    0 |
+------+
1 row in set (28.43 sec)

+------+
| x    |
+------+
|    0 |
+------+
1 row in set (28.43 sec)

+------+
| x    |
+------+
|    0 |
+------+
1 row in set (28.43 sec)

+------+
| x    |
+------+
|    0 |
+------+
1 row in set (28.43 sec)

+------+
| x    |
+------+
|    0 |
+------+
1 row in set (28.43 sec)

+------+
| x    |
+------+
|    0 |
+------+
1 row in set (28.43 sec)

+------+
| x    |
+------+
|    0 |
+------+
1 row in set (28.43 sec)

+------+
| x    |
+------+
|    0 |
+------+
1 row in set (28.43 sec)

+------+
| x    |
+------+
|    0 |
+------+
1 row in set (28.44 sec)

+------+
| x    |
+------+
|    0 |
+------+
1 row in set (28.44 sec)

+------+
| x    |
+------+
|    0 |
+------+
1 row in set (28.44 sec)

+------+
| x    |
+------+
|    0 |
+------+
1 row in set (28.44 sec)

+------+
| x    |
+------+
|    0 |
+------+
1 row in set (28.44 sec)

+------+
| x    |
+------+
|    0 |
+------+
1 row in set (28.44 sec)

+------+
| x    |
+------+
|    0 |
+------+
1 row in set (28.44 sec)

+------+
| x    |
+------+
|    0 |
+------+
1 row in set (28.44 sec)

+------+
| x    |
+------+
|    0 |
+------+
1 row in set (28.44 sec)

+------+
| x    |
+------+
|    0 |
+------+
1 row in set (28.44 sec)

+------+
| x    |
+------+
|    0 |
+------+
1 row in set (28.44 sec)

+------+
| x    |
+------+
|    0 |
+------+
1 row in set (28.44 sec)

+------+
| x    |
+------+
|    0 |
+------+
1 row in set (28.45 sec)

+------+
| x    |
+------+
|    0 |
+------+
1 row in set (28.45 sec)

+------+
| x    |
+------+
|    0 |
+------+
1 row in set (28.45 sec)

+------+
| x    |
+------+
|    0 |
+------+
1 row in set (28.45 sec)

+------+
| x    |
+------+
|    0 |
+------+
1 row in set (28.45 sec)

+------+
| x    |
+------+
|    0 |
+------+
1 row in set (28.45 sec)

+------+
| x    |
+------+
|    0 |
+------+
1 row in set (28.45 sec)

+------+
| x    |
+------+
|    0 |
+------+
1 row in set (28.45 sec)

+------+
| x    |
+------+
|    0 |
+------+
1 row in set (28.45 sec)

+------+
| x    |
+------+
|    0 |
+------+
1 row in set (28.45 sec)

+------+
| x    |
+------+
|    0 |
+------+
1 row in set (28.45 sec)

+------+
| x    |
+------+
|    0 |
+------+
1 row in set (28.45 sec)

+------+
| x    |
+------+
|    0 |
+------+
1 row in set (28.45 sec)

+------+
| x    |
+------+
|    0 |
+------+
1 row in set (28.45 sec)

+------+
| x    |
+------+
|    0 |
+------+
1 row in set (28.45 sec)

+------+
| x    |
+------+
|    0 |
+------+
1 row in set (28.45 sec)

+------+
| x    |
+------+
|    0 |
+------+
1 row in set (28.45 sec)

+------+
| x    |
+------+
|    0 |
+------+
1 row in set (28.45 sec)

+------+
| x    |
+------+
|    0 |
+------+
1 row in set (28.45 sec)

+------+
| x    |
+------+
|    0 |
+------+
1 row in set (28.46 sec)

+------+
| x    |
+------+
|    0 |
+------+
1 row in set (28.46 sec)

+------+
| x    |
+------+
|    0 |
+------+
1 row in set (28.46 sec)

+------+
| x    |
+------+
|    0 |
+------+
1 row in set (28.46 sec)

+------+
| x    |
+------+
|    0 |
+------+
1 row in set (28.46 sec)

+------+
| x    |
+------+
|    0 |
+------+
1 row in set (28.46 sec)

+------+
| x    |
+------+
|    0 |
+------+
1 row in set (28.46 sec)

+------+
| x    |
+------+
|    0 |
+------+
1 row in set (28.46 sec)

+------+
| x    |
+------+
|    0 |
+------+
1 row in set (28.46 sec)

+------+
| x    |
+------+
|    0 |
+------+
1 row in set (28.46 sec)

+------+
| x    |
+------+
|    0 |
+------+
1 row in set (28.46 sec)

+------+
| x    |
+------+
|    0 |
+------+
1 row in set (28.46 sec)

+------+
| x    |
+------+
|    0 |
+------+
1 row in set (28.46 sec)

+------+
| x    |
+------+
|    0 |
+------+
1 row in set (28.46 sec)

+------+
| x    |
+------+
|    0 |
+------+
1 row in set (28.47 sec)

+------+
| x    |
+------+
|    0 |
+------+
1 row in set (28.47 sec)

+------+
| x    |
+------+
|    0 |
+------+
1 row in set (28.47 sec)

+------+
| x    |
+------+
|    0 |
+------+
1 row in set (28.47 sec)

+------+
| x    |
+------+
|    0 |
+------+
1 row in set (28.47 sec)

+------+
| x    |
+------+
|    0 |
+------+
1 row in set (28.47 sec)

+------+
| x    |
+------+
|    0 |
+------+
1 row in set (28.47 sec)

+------+
| x    |
+------+
|    0 |
+------+
1 row in set (28.47 sec)

+------+
| x    |
+------+
|    0 |
+------+
1 row in set (28.47 sec)

+------+
| x    |
+------+
|    0 |
+------+
1 row in set (28.47 sec)

+------+
| x    |
+------+
|    0 |
+------+
1 row in set (28.47 sec)

+------+
| x    |
+------+
|    0 |
+------+
1 row in set (28.47 sec)

+------+
| x    |
+------+
|    0 |
+------+
1 row in set (28.48 sec)

+------+
| x    |
+------+
|    0 |
+------+
1 row in set (28.48 sec)

+------+
| x    |
+------+
|    0 |
+------+
1 row in set (28.48 sec)

+------+
| x    |
+------+
|    0 |
+------+
1 row in set (28.48 sec)

+------+
| x    |
+------+
|    0 |
+------+
1 row in set (28.48 sec)

+------+
| x    |
+------+
|    0 |
+------+
1 row in set (28.48 sec)

+------+
| x    |
+------+
|    0 |
+------+
1 row in set (28.48 sec)

+------+
| x    |
+------+
|    0 |
+------+
1 row in set (28.48 sec)

+------+
| x    |
+------+
|    0 |
+------+
1 row in set (28.48 sec)

+------+
| x    |
+------+
|    0 |
+------+
1 row in set (28.48 sec)

+------+
| x    |
+------+
|    0 |
+------+
1 row in set (28.48 sec)

+------+
| x    |
+------+
|    0 |
+------+
1 row in set (28.48 sec)

+------+
| x    |
+------+
|    0 |
+------+
1 row in set (28.48 sec)

+------+
| x    |
+------+
|    0 |
+------+
1 row in set (28.48 sec)

+------+
| x    |
+------+
|    0 |
+------+
1 row in set (28.48 sec)

+------+
| x    |
+------+
|    0 |
+------+
1 row in set (28.48 sec)

+------+
| x    |
+------+
|    0 |
+------+
1 row in set (28.48 sec)

+------+
| x    |
+------+
|    0 |
+------+
1 row in set (28.48 sec)

+------+
| x    |
+------+
|    0 |
+------+
1 row in set (28.48 sec)

+------+
| x    |
+------+
|    0 |
+------+
1 row in set (28.49 sec)

+------+
| x    |
+------+
|    0 |
+------+
1 row in set (28.49 sec)

+------+
| x    |
+------+
|    0 |
+------+
1 row in set (28.49 sec)

+------+
| x    |
+------+
|    0 |
+------+
1 row in set (28.49 sec)

+------+
| x    |
+------+
|    0 |
+------+
1 row in set (28.49 sec)

+------+
| x    |
+------+
|    0 |
+------+
1 row in set (28.49 sec)

+------+
| x    |
+------+
|    0 |
+------+
1 row in set (28.49 sec)

+------+
| x    |
+------+
|    0 |
+------+
1 row in set (28.49 sec)

+------+
| x    |
+------+
|    0 |
+------+
1 row in set (28.49 sec)

+------+
| x    |
+------+
|    0 |
+------+
1 row in set (28.49 sec)

+------+
| x    |
+------+
|    0 |
+------+
1 row in set (28.49 sec)

+------+
| x    |
+------+
|    0 |
+------+
1 row in set (28.49 sec)

+------+
| x    |
+------+
|    0 |
+------+
1 row in set (28.49 sec)

+------+
| x    |
+------+
|    0 |
+------+
1 row in set (28.50 sec)

+------+
| x    |
+------+
|    0 |
+------+
1 row in set (28.50 sec)

+------+
| x    |
+------+
|    0 |
+------+
1 row in set (28.50 sec)

+------+
| x    |
+------+
|    0 |
+------+
1 row in set (28.50 sec)

+------+
| x    |
+------+
|    0 |
+------+
1 row in set (28.50 sec)

+------+
| x    |
+------+
|    0 |
+------+
1 row in set (28.50 sec)

+------+
| x    |
+------+
|    0 |
+------+
1 row in set (28.50 sec)

ERROR 1317 (70100): Query execution was interrupted
mysql> source C:\dataFile\pl1.sql
Query OK, 0 rows affected (0.04 sec)

Query OK, 0 rows affected (0.02 sec)

mysql> call pro9();
+------+
| x    |
+------+
|    0 |
+------+
1 row in set (0.00 sec)

+------+
| x    |
+------+
|    1 |
+------+
1 row in set (0.00 sec)

+------+
| x    |
+------+
|    2 |
+------+
1 row in set (0.00 sec)

+------+
| x    |
+------+
|    3 |
+------+
1 row in set (0.00 sec)

+------+
| x    |
+------+
|    4 |
+------+
1 row in set (0.00 sec)

+------+
| x    |
+------+
|    5 |
+------+
1 row in set (0.00 sec)

+------+
| x    |
+------+
|    6 |
+------+
1 row in set (0.00 sec)

+------+
| x    |
+------+
|    7 |
+------+
1 row in set (0.01 sec)

+------+
| x    |
+------+
|    8 |
+------+
1 row in set (0.01 sec)

+------+
| x    |
+------+
|    9 |
+------+
1 row in set (0.01 sec)

+------+
| x    |
+------+
|   10 |
+------+
1 row in set (0.01 sec)

+------+
| x    |
+------+
|   11 |
+------+
1 row in set (0.01 sec)

Query OK, 0 rows affected (0.01 sec)

mysql> source C:\dataFile\pl1.sql
Query OK, 0 rows affected (0.04 sec)

Query OK, 0 rows affected (0.02 sec)

mysql> call pro9();
+------+
| x    |
+------+
|    1 |
+------+
1 row in set (0.00 sec)

+------+
| x    |
+------+
|    2 |
+------+
1 row in set (0.00 sec)

+------+
| x    |
+------+
|    3 |
+------+
1 row in set (0.00 sec)

+------+
| x    |
+------+
|    4 |
+------+
1 row in set (0.00 sec)

+------+
| x    |
+------+
|    5 |
+------+
1 row in set (0.00 sec)

+------+
| x    |
+------+
|    6 |
+------+
1 row in set (0.00 sec)

+------+
| x    |
+------+
|    7 |
+------+
1 row in set (0.01 sec)

+------+
| x    |
+------+
|    8 |
+------+
1 row in set (0.01 sec)

+------+
| x    |
+------+
|    9 |
+------+
1 row in set (0.01 sec)

+------+
| x    |
+------+
|   10 |
+------+
1 row in set (0.01 sec)

+------+
| x    |
+------+
|   11 |
+------+
1 row in set (0.01 sec)

Query OK, 0 rows affected (0.01 sec)

mysql> source C:\dataFile\pl1.sql
Query OK, 0 rows affected (0.06 sec)

Query OK, 0 rows affected (0.02 sec)

mysql> call pro9();
+------+
| x    |
+------+
|    1 |
+------+
1 row in set (0.00 sec)

+------+
| x    |
+------+
|    2 |
+------+
1 row in set (0.00 sec)

+------+
| x    |
+------+
|    3 |
+------+
1 row in set (0.00 sec)

+------+
| x    |
+------+
|    4 |
+------+
1 row in set (0.00 sec)

+------+
| x    |
+------+
|    5 |
+------+
1 row in set (0.00 sec)

+------+
| x    |
+------+
|    6 |
+------+
1 row in set (0.00 sec)

+------+
| x    |
+------+
|    7 |
+------+
1 row in set (0.00 sec)

+------+
| x    |
+------+
|    8 |
+------+
1 row in set (0.01 sec)

+------+
| x    |
+------+
|    9 |
+------+
1 row in set (0.01 sec)

+------+
| x    |
+------+
|   10 |
+------+
1 row in set (0.01 sec)

Query OK, 0 rows affected (0.01 sec)

mysql> select substr('saleel', 1,1);
+-----------------------+
| substr('saleel', 1,1) |
+-----------------------+
| s                     |
+-----------------------+
1 row in set (0.00 sec)

mysql> select substr('saleel', 1,2);
+-----------------------+
| substr('saleel', 1,2) |
+-----------------------+
| sa                    |
+-----------------------+
1 row in set (0.00 sec)

mysql> select substr('saleel', 1,1);
+-----------------------+
| substr('saleel', 1,1) |
+-----------------------+
| s                     |
+-----------------------+
1 row in set (0.00 sec)

mysql> select substr('saleel', 2,1);
+-----------------------+
| substr('saleel', 2,1) |
+-----------------------+
| a                     |
+-----------------------+
1 row in set (0.00 sec)

mysql> select substr('saleel', 3,1);
+-----------------------+
| substr('saleel', 3,1) |
+-----------------------+
| l                     |
+-----------------------+
1 row in set (0.00 sec)

mysql> source C:\dataFile\pl1.sql
Query OK, 0 rows affected, 1 warning (0.08 sec)

Query OK, 0 rows affected (0.05 sec)

mysql> call pro10('saleel');
+-----------------+
| substr(p1,x ,1) |
+-----------------+
| s               |
+-----------------+
1 row in set (0.00 sec)

+-----------------+
| substr(p1,x ,1) |
+-----------------+
| a               |
+-----------------+
1 row in set (0.00 sec)

+-----------------+
| substr(p1,x ,1) |
+-----------------+
| l               |
+-----------------+
1 row in set (0.00 sec)

+-----------------+
| substr(p1,x ,1) |
+-----------------+
| e               |
+-----------------+
1 row in set (0.00 sec)

+-----------------+
| substr(p1,x ,1) |
+-----------------+
| e               |
+-----------------+
1 row in set (0.01 sec)

+-----------------+
| substr(p1,x ,1) |
+-----------------+
| l               |
+-----------------+
1 row in set (0.01 sec)

Query OK, 0 rows affected (0.01 sec)

mysql> source C:\dataFile\pl1.sql
Query OK, 0 rows affected, 1 warning (0.02 sec)

Query OK, 0 rows affected (0.03 sec)

mysql> desc abc;
ERROR 1146 (42S02): Table 'r1.abc' doesn't exist
mysql> call pro11();
Query OK, 0 rows affected (0.06 sec)

mysql> desc abc;
+-------+-------------+------+-----+---------+-------+
| Field | Type        | Null | Key | Default | Extra |
+-------+-------------+------+-----+---------+-------+
| c1    | int         | NO   | PRI | NULL    |       |
| c2    | varchar(10) | YES  |     | NULL    |       |
+-------+-------------+------+-----+---------+-------+
2 rows in set (0.00 sec)

mysql> source C:\dataFile\pl1.sql
Query OK, 0 rows affected, 1 warning (0.02 sec)

Query OK, 0 rows affected (0.05 sec)

mysql> call pro12('sales');
+--------+-------+---------+------------+------------+
| DEPTNO | DNAME | LOC     | PWD        | STARTEDON  |
+--------+-------+---------+------------+------------+
|     30 | SALES | CHICAGO | sales@2017 | 13/04/1989 |
+--------+-------+---------+------------+------------+
1 row in set (0.00 sec)

Query OK, 0 rows affected (0.00 sec)

mysql> call pro12('sales123');
+------------------+
| record not found |
+------------------+
| record not found |
+------------------+
1 row in set (0.00 sec)

Query OK, 0 rows affected (0.00 sec)

mysql>

-----------------------------

Microsoft Windows [Version 10.0.19044.2130]
(c) Microsoft Corporation. All rights reserved.

C:\Users\IET>mysql --host=localhost --port=3306 --user=root --passworddb1
mysql: [ERROR] unknown option '--passworddb1'.

C:\Users\IET>mysql --host=localhost --port=3306 --user=root --password db1
Enter password: ****
Welcome to the MySQL monitor.  Commands end with ; or \g.
Your MySQL connection id is 16
Server version: 8.0.30 MySQL Community Server - GPL

Copyright (c) 2000, 2022, Oracle and/or its affiliates.

Oracle is a registered trademark of Oracle Corporation and/or its
affiliates. Other names may be trademarks of their respective
owners.

Type 'help;' or '\h' for help. Type '\c' to clear the current input statement.

mysql> select * from dept;
+--------+------------+----------+------------+------------+
| DEPTNO | DNAME      | LOC      | PWD        | STARTEDON  |
+--------+------------+----------+------------+------------+
|     10 | ACCOUNTING | NEW YORK | r50mpm     | 24/03/1989 |
|     20 | RESEARCH   | DALLAS   | a12recmpm  | 12/04/1989 |
|     30 | SALES      | CHICAGO  | sales@2017 | 13/04/1989 |
|     40 | OPERATIONS | BOSTON   | opr@123    | 12/07/1989 |
|     50 | HR         | PUNE     | PUN@8877   | 22/12/1989 |
+--------+------------+----------+------------+------------+
5 rows in set (0.00 sec)

mysql> "select * from dept";
ERROR 1064 (42000): You have an error in your SQL syntax; check the manual that corresponds to your MySQL server version for the right syntax to use near '"select * from dept"' at line 1
mysql> source C:\dataFile\pl1.sql
Query OK, 0 rows affected, 1 warning (0.02 sec)

Query OK, 0 rows affected (0.03 sec)

mysql> call pro13();
+--------+------------+----------+------------+------------+
| DEPTNO | DNAME      | LOC      | PWD        | STARTEDON  |
+--------+------------+----------+------------+------------+
|     10 | ACCOUNTING | NEW YORK | r50mpm     | 24/03/1989 |
|     20 | RESEARCH   | DALLAS   | a12recmpm  | 12/04/1989 |
|     30 | SALES      | CHICAGO  | sales@2017 | 13/04/1989 |
|     40 | OPERATIONS | BOSTON   | opr@123    | 12/07/1989 |
|     50 | HR         | PUNE     | PUN@8877   | 22/12/1989 |
+--------+------------+----------+------------+------------+
5 rows in set (0.01 sec)

Query OK, 0 rows affected (0.03 sec)

mysql> source C:\dataFile\pl1.sql
Query OK, 0 rows affected, 1 warning (0.02 sec)

Query OK, 0 rows affected (0.03 sec)

mysql> call  pro14("abc", "id int primary key, ename varchar(20) ");
+----------------------------------------------------------+
| @a                                                       |
+----------------------------------------------------------+
| create table abc(id int primary key, ename varchar(20) ) |
+----------------------------------------------------------+
1 row in set (0.00 sec)

Query OK, 0 rows affected (0.00 sec)

mysql> create table abc(id int primary key, ename varchar(20) );
Query OK, 0 rows affected (0.09 sec)

mysql> desc abc;
+-------+-------------+------+-----+---------+-------+
| Field | Type        | Null | Key | Default | Extra |
+-------+-------------+------+-----+---------+-------+
| id    | int         | NO   | PRI | NULL    |       |
| ename | varchar(20) | YES  |     | NULL    |       |
+-------+-------------+------+-----+---------+-------+
2 rows in set (0.00 sec)

mysql> drop table abc;
Query OK, 0 rows affected (0.09 sec)

mysql> source C:\dataFile\pl1.sql
Query OK, 0 rows affected (0.03 sec)

Query OK, 0 rows affected (0.02 sec)

mysql> call  pro14("abc", "id int primary key, ename varchar(20) not null, phone int unique");
Query OK, 0 rows affected (0.13 sec)

mysql> call  pro14("abc1", "_id int primary key auto_increment, ename varchar(20) not null,job varchar(20),  phone int unique");
Query OK, 0 rows affected (0.16 sec)

mysql> desc abc;
+-------+-------------+------+-----+---------+-------+
| Field | Type        | Null | Key | Default | Extra |
+-------+-------------+------+-----+---------+-------+
| id    | int         | NO   | PRI | NULL    |       |
| ename | varchar(20) | NO   |     | NULL    |       |
| phone | int         | YES  | UNI | NULL    |       |
+-------+-------------+------+-----+---------+-------+
3 rows in set (0.00 sec)

mysql> desc abc1;
+-------+-------------+------+-----+---------+----------------+
| Field | Type        | Null | Key | Default | Extra          |
+-------+-------------+------+-----+---------+----------------+
| _id   | int         | NO   | PRI | NULL    | auto_increment |
| ename | varchar(20) | NO   |     | NULL    |                |
| job   | varchar(20) | YES  |     | NULL    |                |
| phone | int         | YES  | UNI | NULL    |                |
+-------+-------------+------+-----+---------+----------------+
4 rows in set (0.00 sec)

mysql> source C:\dataFile\pl1.sql
Query OK, 0 rows affected, 1 warning (0.03 sec)

ERROR 1583 (42000): Incorrect parameters in the call to native function 'concat'
mysql> source C:\dataFile\pl1.sql
Query OK, 0 rows affected, 1 warning (0.05 sec)

Query OK, 0 rows affected (0.04 sec)

mysql> call pro15("dept", "*");
+--------------------+
| @a                 |
+--------------------+
| select * from dept |
+--------------------+
1 row in set (0.00 sec)

Query OK, 0 rows affected (0.00 sec)

mysql> call pro15("dept", "deptno, dname");
+--------------------------------+
| @a                             |
+--------------------------------+
| select deptno, dname from dept |
+--------------------------------+
1 row in set (0.00 sec)

Query OK, 0 rows affected (0.00 sec)

mysql> select * from dept;
+--------+------------+----------+------------+------------+
| DEPTNO | DNAME      | LOC      | PWD        | STARTEDON  |
+--------+------------+----------+------------+------------+
|     10 | ACCOUNTING | NEW YORK | r50mpm     | 24/03/1989 |
|     20 | RESEARCH   | DALLAS   | a12recmpm  | 12/04/1989 |
|     30 | SALES      | CHICAGO  | sales@2017 | 13/04/1989 |
|     40 | OPERATIONS | BOSTON   | opr@123    | 12/07/1989 |
|     50 | HR         | PUNE     | PUN@8877   | 22/12/1989 |
+--------+------------+----------+------------+------------+
5 rows in set (0.00 sec)

mysql> select deptno, dname from dept;
+--------+------------+
| deptno | dname      |
+--------+------------+
|     10 | ACCOUNTING |
|     20 | RESEARCH   |
|     30 | SALES      |
|     40 | OPERATIONS |
|     50 | HR         |
+--------+------------+
5 rows in set (0.00 sec)

mysql> call pro15("dept", "deptno, dname");
+--------------------------------+
| @a                             |
+--------------------------------+
| select deptno, dname from dept |
+--------------------------------+
1 row in set (0.00 sec)

Query OK, 0 rows affected (0.00 sec)

mysql> source C:\dataFile\pl1.sql
Query OK, 0 rows affected (0.04 sec)

Query OK, 0 rows affected (0.02 sec)

mysql> call pro15("dept", "*");
+--------+------------+----------+------------+------------+
| DEPTNO | DNAME      | LOC      | PWD        | STARTEDON  |
+--------+------------+----------+------------+------------+
|     10 | ACCOUNTING | NEW YORK | r50mpm     | 24/03/1989 |
|     20 | RESEARCH   | DALLAS   | a12recmpm  | 12/04/1989 |
|     30 | SALES      | CHICAGO  | sales@2017 | 13/04/1989 |
|     40 | OPERATIONS | BOSTON   | opr@123    | 12/07/1989 |
|     50 | HR         | PUNE     | PUN@8877   | 22/12/1989 |
+--------+------------+----------+------------+------------+
5 rows in set (0.00 sec)

Query OK, 0 rows affected (0.01 sec)

mysql> call pro15("dept", "deptno, dname");
+--------+------------+
| deptno | dname      |
+--------+------------+
|     10 | ACCOUNTING |
|     20 | RESEARCH   |
|     30 | SALES      |
|     40 | OPERATIONS |
|     50 | HR         |
+--------+------------+
5 rows in set (0.00 sec)

Query OK, 0 rows affected (0.00 sec)

mysql> call pro15("emp", "empno, ename, job, sal, isactive");
+-------+----------+---------------------+------+----------+
| empno | ename    | job                 | sal  | isactive |
+-------+----------+---------------------+------+----------+
|  6001 | GITA     | Compliance officers | 1750 |        1 |
|  6129 | VRUSHALI | Compliance officers | 1750 |        1 |
|  6473 | SHARMIN  | Public Relation     | 1750 |        1 |
|  6781 | BANDISH  | Public Relation     | 1750 |        1 |
|  7369 | SMITH    | CLERK               |  800 |        0 |
|  7415 | AARAV    | CLERK               | 3350 |        0 |
|  7421 | THOMAS   | CLERK               | 1750 |        0 |
|  7499 | ALLEN    | SALESMAN            | 1600 |        1 |
|  7521 | WARD     | SALESMAN            | 1250 |        1 |
|  7566 | JONES    | MANAGER             | 2975 |        1 |
|  7654 | MARTIN   | SALESMAN            | 1250 |        1 |
|  7698 | BLAKE    | MANAGER             | 2850 |        1 |
|  7782 | CLARK    | MANAGER             | 2450 |        1 |
|  7788 | SCOTT    | ANALYST             | 3000 |        1 |
|  7839 | KING     | PRESIDENT           | 5000 |        1 |
|  7840 | FRED     | vice PRESIDENT      | 5000 |        1 |
|  7844 | TURNER   | SALESMAN            | 1500 |        1 |
|  7876 | ADAMS    | CLERK               | 1100 |        1 |
|  7900 | JAMES    | CLERK               |  950 |        1 |
|  7902 | FORD     | ANALYST             | 3000 |        0 |
|  7919 | HOFFMAN  | MANAGER             | 4150 |        1 |
|  7920 | GRASS    | SALESMAN            | 2575 |        1 |
|  7934 | MILLER   | CLERK               | 1300 |        0 |
|  7945 | AARUSH   | SALESMAN            | 1350 |        0 |
|  7949 | ALEX     | MANAGER             | 1250 |        1 |
|  8433 | NATASHA  | CLERK               | 1750 |        1 |
|  9400 | SANGITA  | Compliance officers | 1750 |        1 |
|  9473 | SUPRIYA  | ANALYST             | 1750 |        1 |
+-------+----------+---------------------+------+----------+
28 rows in set (0.00 sec)

Query OK, 0 rows affected (0.06 sec)

mysql>  call pro15("emp order by sal desc", "empno, ename, job, sal, isactive");
+-------+----------+---------------------+------+----------+
| empno | ename    | job                 | sal  | isactive |
+-------+----------+---------------------+------+----------+
|  7839 | KING     | PRESIDENT           | 5000 |        1 |
|  7840 | FRED     | vice PRESIDENT      | 5000 |        1 |
|  7919 | HOFFMAN  | MANAGER             | 4150 |        1 |
|  7415 | AARAV    | CLERK               | 3350 |        0 |
|  7788 | SCOTT    | ANALYST             | 3000 |        1 |
|  7902 | FORD     | ANALYST             | 3000 |        0 |
|  7566 | JONES    | MANAGER             | 2975 |        1 |
|  7698 | BLAKE    | MANAGER             | 2850 |        1 |
|  7920 | GRASS    | SALESMAN            | 2575 |        1 |
|  7782 | CLARK    | MANAGER             | 2450 |        1 |
|  6001 | GITA     | Compliance officers | 1750 |        1 |
|  6129 | VRUSHALI | Compliance officers | 1750 |        1 |
|  6473 | SHARMIN  | Public Relation     | 1750 |        1 |
|  6781 | BANDISH  | Public Relation     | 1750 |        1 |
|  7421 | THOMAS   | CLERK               | 1750 |        0 |
|  8433 | NATASHA  | CLERK               | 1750 |        1 |
|  9400 | SANGITA  | Compliance officers | 1750 |        1 |
|  9473 | SUPRIYA  | ANALYST             | 1750 |        1 |
|  7499 | ALLEN    | SALESMAN            | 1600 |        1 |
|  7844 | TURNER   | SALESMAN            | 1500 |        1 |
|  7945 | AARUSH   | SALESMAN            | 1350 |        0 |
|  7934 | MILLER   | CLERK               | 1300 |        0 |
|  7521 | WARD     | SALESMAN            | 1250 |        1 |
|  7654 | MARTIN   | SALESMAN            | 1250 |        1 |
|  7949 | ALEX     | MANAGER             | 1250 |        1 |
|  7876 | ADAMS    | CLERK               | 1100 |        1 |
|  7900 | JAMES    | CLERK               |  950 |        1 |
|  7369 | SMITH    | CLERK               |  800 |        0 |
+-------+----------+---------------------+------+----------+
28 rows in set (0.00 sec)

Query OK, 0 rows affected (0.05 sec)

mysql> source C:\dataFile\pl1.sql
Query OK, 0 rows affected (0.04 sec)

Query OK, 0 rows affected (0.02 sec)

mysql>  call pro15("emp order by sal desc", "empno, ename, job, sal, isactive");
+--------------------------------------------------------------------+
| @a                                                                 |
+--------------------------------------------------------------------+
| select empno, ename, job, sal, isactive from emp order by sal desc |
+--------------------------------------------------------------------+
1 row in set (0.00 sec)

+-------+----------+---------------------+------+----------+
| empno | ename    | job                 | sal  | isactive |
+-------+----------+---------------------+------+----------+
|  7839 | KING     | PRESIDENT           | 5000 |        1 |
|  7840 | FRED     | vice PRESIDENT      | 5000 |        1 |
|  7919 | HOFFMAN  | MANAGER             | 4150 |        1 |
|  7415 | AARAV    | CLERK               | 3350 |        0 |
|  7788 | SCOTT    | ANALYST             | 3000 |        1 |
|  7902 | FORD     | ANALYST             | 3000 |        0 |
|  7566 | JONES    | MANAGER             | 2975 |        1 |
|  7698 | BLAKE    | MANAGER             | 2850 |        1 |
|  7920 | GRASS    | SALESMAN            | 2575 |        1 |
|  7782 | CLARK    | MANAGER             | 2450 |        1 |
|  6001 | GITA     | Compliance officers | 1750 |        1 |
|  6129 | VRUSHALI | Compliance officers | 1750 |        1 |
|  6473 | SHARMIN  | Public Relation     | 1750 |        1 |
|  6781 | BANDISH  | Public Relation     | 1750 |        1 |
|  7421 | THOMAS   | CLERK               | 1750 |        0 |
|  8433 | NATASHA  | CLERK               | 1750 |        1 |
|  9400 | SANGITA  | Compliance officers | 1750 |        1 |
|  9473 | SUPRIYA  | ANALYST             | 1750 |        1 |
|  7499 | ALLEN    | SALESMAN            | 1600 |        1 |
|  7844 | TURNER   | SALESMAN            | 1500 |        1 |
|  7945 | AARUSH   | SALESMAN            | 1350 |        0 |
|  7934 | MILLER   | CLERK               | 1300 |        0 |
|  7521 | WARD     | SALESMAN            | 1250 |        1 |
|  7654 | MARTIN   | SALESMAN            | 1250 |        1 |
|  7949 | ALEX     | MANAGER             | 1250 |        1 |
|  7876 | ADAMS    | CLERK               | 1100 |        1 |
|  7900 | JAMES    | CLERK               |  950 |        1 |
|  7369 | SMITH    | CLERK               |  800 |        0 |
+-------+----------+---------------------+------+----------+
28 rows in set (0.00 sec)

Query OK, 0 rows affected (0.06 sec)

mysql>  call pro15("emp where job = manager order by ename desc", "empno, ename, job, sal, isactive");
+------------------------------------------------------------------------------------------+
| @a                                                                                       |
+------------------------------------------------------------------------------------------+
| select empno, ename, job, sal, isactive from emp where job = manager order by ename desc |
+------------------------------------------------------------------------------------------+
1 row in set (0.00 sec)

ERROR 1054 (42S22): Unknown column 'manager' in 'where clause'
mysql>  call pro15("emp where job = 'manager' order by ename desc", "empno, ename, job, sal, isactive");
+--------------------------------------------------------------------------------------------+
| @a                                                                                         |
+--------------------------------------------------------------------------------------------+
| select empno, ename, job, sal, isactive from emp where job = 'manager' order by ename desc |
+--------------------------------------------------------------------------------------------+
1 row in set (0.00 sec)

+-------+---------+---------+------+----------+
| empno | ename   | job     | sal  | isactive |
+-------+---------+---------+------+----------+
|  7566 | JONES   | MANAGER | 2975 |        1 |
|  7919 | HOFFMAN | MANAGER | 4150 |        1 |
|  7782 | CLARK   | MANAGER | 2450 |        1 |
|  7698 | BLAKE   | MANAGER | 2850 |        1 |
|  7949 | ALEX    | MANAGER | 1250 |        1 |
+-------+---------+---------+------+----------+
5 rows in set (0.00 sec)

Query OK, 0 rows affected (0.01 sec)

mysql> source C:\dataFile\pl1.sql
Query OK, 0 rows affected, 1 warning (0.02 sec)

ERROR 1415 (0A000): Not allowed to return a result set from a function
mysql> source C:\dataFile\pl1.sql
Query OK, 0 rows affected, 1 warning (0.02 sec)

ERROR 1418 (HY000): This function has none of DETERMINISTIC, NO SQL, or READS SQL DATA in its declaration and binary logging is enabled (you *might* want to use the less safe log_bin_trust_function_creators variable)
mysql> set global variable log_bin_trust_function_creators=1;
ERROR 1064 (42000): You have an error in your SQL syntax; check the manual that corresponds to your MySQL server version for the right syntax to use near 'log_bin_trust_function_creators=1' at line 1
mysql> set global variables log_bin_trust_function_creators=1;
ERROR 1064 (42000): You have an error in your SQL syntax; check the manual that corresponds to your MySQL server version for the right syntax to use near 'log_bin_trust_function_creators=1' at line 1
mysql> set global log_bin_trust_function_creators=1;
Query OK, 0 rows affected (0.00 sec)

mysql> source C:\dataFile\pl1.sql
Query OK, 0 rows affected, 1 warning (0.02 sec)

Query OK, 0 rows affected (0.04 sec)

mysql> call f1();
ERROR 1305 (42000): PROCEDURE db1.f1 does not exist
mysql>
mysql> select f1();
+-------------+
| f1()        |
+-------------+
| hello world |
+-------------+
1 row in set (0.02 sec)

mysql> select f1() R1;
+-------------+
| R1          |
+-------------+
| hello world |
+-------------+
1 row in set (0.00 sec)

mysql> source C:\dataFile\pl1.sql
Query OK, 0 rows affected, 1 warning (0.02 sec)

Query OK, 0 rows affected (0.04 sec)

mysql> select f2(1,2);
+---------+
| f2(1,2) |
+---------+
|       3 |
+---------+
1 row in set (0.00 sec)

mysql> select f2(5, 5);
+----------+
| f2(5, 5) |
+----------+
|       10 |
+----------+
1 row in set (0.00 sec)

mysql> select ename, job, deptno from emp where deptno = f2(5, 5);
+--------+-----------+--------+
| ename  | job       | deptno |
+--------+-----------+--------+
| AARAV  | CLERK     |     10 |
| THOMAS | CLERK     |     10 |
| CLARK  | MANAGER   |     10 |
| KING   | PRESIDENT |     10 |
| MILLER | CLERK     |     10 |
+--------+-----------+--------+
5 rows in set (0.00 sec)

mysql> select * from dept;
+--------+------------+----------+------------+------------+
| DEPTNO | DNAME      | LOC      | PWD        | STARTEDON  |
+--------+------------+----------+------------+------------+
|     10 | ACCOUNTING | NEW YORK | r50mpm     | 24/03/1989 |
|     20 | RESEARCH   | DALLAS   | a12recmpm  | 12/04/1989 |
|     30 | SALES      | CHICAGO  | sales@2017 | 13/04/1989 |
|     40 | OPERATIONS | BOSTON   | opr@123    | 12/07/1989 |
|     50 | HR         | PUNE     | PUN@8877   | 22/12/1989 |
+--------+------------+----------+------------+------------+
5 rows in set (0.00 sec)

mysql> source C:\dataFile\pl1.sql
Query OK, 0 rows affected, 1 warning (0.02 sec)

Query OK, 0 rows affected (0.04 sec)

mysql> select f3();
+------+
| f3() |
+------+
|   51 |
+------+
1 row in set (0.03 sec)

mysql> insert into dept values (f3(), 1,1,1,1));
ERROR 1064 (42000): You have an error in your SQL syntax; check the manual that corresponds to your MySQL server version for the right syntax to use near ')' at line 1
mysql> insert into dept values (f3(), 1,1,1,1);
Query OK, 1 row affected (0.00 sec)

mysql> insert into dept values (f3(), 1,1,1,1);
Query OK, 1 row affected (0.00 sec)

mysql> select * from dept;
+--------+------------+----------+------------+------------+
| DEPTNO | DNAME      | LOC      | PWD        | STARTEDON  |
+--------+------------+----------+------------+------------+
|     10 | ACCOUNTING | NEW YORK | r50mpm     | 24/03/1989 |
|     20 | RESEARCH   | DALLAS   | a12recmpm  | 12/04/1989 |
|     30 | SALES      | CHICAGO  | sales@2017 | 13/04/1989 |
|     40 | OPERATIONS | BOSTON   | opr@123    | 12/07/1989 |
|     50 | HR         | PUNE     | PUN@8877   | 22/12/1989 |
|     51 | 1          | 1        | 1          | 1          |
|     52 | 1          | 1        | 1          | 1          |
+--------+------------+----------+------------+------------+
7 rows in set (0.00 sec)

mysql>
mysql> select f2(10,10);
+-----------+
| f2(10,10) |
+-----------+
|        20 |
+-----------+
1 row in set (0.00 sec)

mysql> select sal, comm, f2(sal, comm) from emp;
+------+------+---------------+
| sal  | comm | f2(sal, comm) |
+------+------+---------------+
| 1750 | NULL |          NULL |
| 1750 | NULL |          NULL |
| 1750 | NULL |          NULL |
| 1750 | NULL |          NULL |
|  800 | NULL |          NULL |
| 3350 | NULL |          NULL |
| 1750 | NULL |          NULL |
| 1600 |  300 |          1900 |
| 1250 |  500 |          1750 |
| 2975 | NULL |          NULL |
| 1250 | 1400 |          2650 |
| 2850 | NULL |          NULL |
| 2450 | NULL |          NULL |
| 3000 | NULL |          NULL |
| 5000 | NULL |          NULL |
| 5000 | NULL |          NULL |
| 1500 |    0 |          1500 |
| 1100 | NULL |          NULL |
|  950 | NULL |          NULL |
| 3000 | NULL |          NULL |
| 4150 | NULL |          NULL |
| 2575 | 2700 |          5275 |
| 1300 | NULL |          NULL |
| 1350 | 2700 |          4050 |
| 1250 |  500 |          1750 |
| 1750 | NULL |          NULL |
| 1750 | NULL |          NULL |
| 1750 | NULL |          NULL |
+------+------+---------------+
28 rows in set (0.00 sec)

mysql> source C:\dataFile\pl1.sql
Query OK, 0 rows affected (0.07 sec)

Query OK, 0 rows affected (0.02 sec)

mysql> select sal, comm, f2(sal, comm) from emp;
+------+------+---------------+
| sal  | comm | f2(sal, comm) |
+------+------+---------------+
| 1750 | NULL |          1750 |
| 1750 | NULL |          1750 |
| 1750 | NULL |          1750 |
| 1750 | NULL |          1750 |
|  800 | NULL |           800 |
| 3350 | NULL |          3350 |
| 1750 | NULL |          1750 |
| 1600 |  300 |          1900 |
| 1250 |  500 |          1750 |
| 2975 | NULL |          2975 |
| 1250 | 1400 |          2650 |
| 2850 | NULL |          2850 |
| 2450 | NULL |          2450 |
| 3000 | NULL |          3000 |
| 5000 | NULL |          5000 |
| 5000 | NULL |          5000 |
| 1500 |    0 |          1500 |
| 1100 | NULL |          1100 |
|  950 | NULL |           950 |
| 3000 | NULL |          3000 |
| 4150 | NULL |          4150 |
| 2575 | 2700 |          5275 |
| 1300 | NULL |          1300 |
| 1350 | 2700 |          4050 |
| 1250 |  500 |          1750 |
| 1750 | NULL |          1750 |
| 1750 | NULL |          1750 |
| 1750 | NULL |          1750 |
+------+------+---------------+
28 rows in set (0.00 sec)

mysql>